Archive member included to satisfy reference by file (symbol)

c:/ac6/systemworkbench/plugins/fr.ac6.mcu.externaltools.arm-none.win32_1.15.0.201708311556/tools/compiler/bin/../lib/gcc/arm-none-eabi/6.3.1/thumb/v7e-m/fpv4-sp/hard\libgcc.a(_aeabi_uldivmod.o)
                              Drivers/STM32F4xx_HAL_Driver/Src/stm32f4xx_hal_rcc.o (__aeabi_uldivmod)
c:/ac6/systemworkbench/plugins/fr.ac6.mcu.externaltools.arm-none.win32_1.15.0.201708311556/tools/compiler/bin/../lib/gcc/arm-none-eabi/6.3.1/thumb/v7e-m/fpv4-sp/hard\libgcc.a(_udivmoddi4.o)
                              c:/ac6/systemworkbench/plugins/fr.ac6.mcu.externaltools.arm-none.win32_1.15.0.201708311556/tools/compiler/bin/../lib/gcc/arm-none-eabi/6.3.1/thumb/v7e-m/fpv4-sp/hard\libgcc.a(_aeabi_uldivmod.o) (__udivmoddi4)
c:/ac6/systemworkbench/plugins/fr.ac6.mcu.externaltools.arm-none.win32_1.15.0.201708311556/tools/compiler/bin/../lib/gcc/arm-none-eabi/6.3.1/thumb/v7e-m/fpv4-sp/hard\libgcc.a(_dvmd_tls.o)
                              c:/ac6/systemworkbench/plugins/fr.ac6.mcu.externaltools.arm-none.win32_1.15.0.201708311556/tools/compiler/bin/../lib/gcc/arm-none-eabi/6.3.1/thumb/v7e-m/fpv4-sp/hard\libgcc.a(_aeabi_uldivmod.o) (__aeabi_ldiv0)
c:/ac6/systemworkbench/plugins/fr.ac6.mcu.externaltools.arm-none.win32_1.15.0.201708311556/tools/compiler/bin/../lib/gcc/arm-none-eabi/6.3.1/../../../../arm-none-eabi/lib/thumb/v7e-m/fpv4-sp/hard\libc_nano.a(lib_a-exit.o)
                              c:/ac6/systemworkbench/plugins/fr.ac6.mcu.externaltools.arm-none.win32_1.15.0.201708311556/tools/compiler/bin/../lib/gcc/arm-none-eabi/6.3.1/../../../../arm-none-eabi/lib/thumb/v7e-m/fpv4-sp/hard/crt0.o (exit)
c:/ac6/systemworkbench/plugins/fr.ac6.mcu.externaltools.arm-none.win32_1.15.0.201708311556/tools/compiler/bin/../lib/gcc/arm-none-eabi/6.3.1/../../../../arm-none-eabi/lib/thumb/v7e-m/fpv4-sp/hard\libc_nano.a(lib_a-impure.o)
                              c:/ac6/systemworkbench/plugins/fr.ac6.mcu.externaltools.arm-none.win32_1.15.0.201708311556/tools/compiler/bin/../lib/gcc/arm-none-eabi/6.3.1/../../../../arm-none-eabi/lib/thumb/v7e-m/fpv4-sp/hard\libc_nano.a(lib_a-exit.o) (_global_impure_ptr)
c:/ac6/systemworkbench/plugins/fr.ac6.mcu.externaltools.arm-none.win32_1.15.0.201708311556/tools/compiler/bin/../lib/gcc/arm-none-eabi/6.3.1/../../../../arm-none-eabi/lib/thumb/v7e-m/fpv4-sp/hard\libc_nano.a(lib_a-init.o)
                              c:/ac6/systemworkbench/plugins/fr.ac6.mcu.externaltools.arm-none.win32_1.15.0.201708311556/tools/compiler/bin/../lib/gcc/arm-none-eabi/6.3.1/../../../../arm-none-eabi/lib/thumb/v7e-m/fpv4-sp/hard/crt0.o (__libc_init_array)
c:/ac6/systemworkbench/plugins/fr.ac6.mcu.externaltools.arm-none.win32_1.15.0.201708311556/tools/compiler/bin/../lib/gcc/arm-none-eabi/6.3.1/../../../../arm-none-eabi/lib/thumb/v7e-m/fpv4-sp/hard\libc_nano.a(lib_a-malloc.o)
                              Middlewares/ST/STM32_USB_Device_Library/Class/CDC/Src/usbd_cdc.o (malloc)
c:/ac6/systemworkbench/plugins/fr.ac6.mcu.externaltools.arm-none.win32_1.15.0.201708311556/tools/compiler/bin/../lib/gcc/arm-none-eabi/6.3.1/../../../../arm-none-eabi/lib/thumb/v7e-m/fpv4-sp/hard\libc_nano.a(lib_a-memcpy-stub.o)
                              Middlewares/Third_Party/FreeRTOS/Source/queue.o (memcpy)
c:/ac6/systemworkbench/plugins/fr.ac6.mcu.externaltools.arm-none.win32_1.15.0.201708311556/tools/compiler/bin/../lib/gcc/arm-none-eabi/6.3.1/../../../../arm-none-eabi/lib/thumb/v7e-m/fpv4-sp/hard\libc_nano.a(lib_a-memset.o)
                              c:/ac6/systemworkbench/plugins/fr.ac6.mcu.externaltools.arm-none.win32_1.15.0.201708311556/tools/compiler/bin/../lib/gcc/arm-none-eabi/6.3.1/../../../../arm-none-eabi/lib/thumb/v7e-m/fpv4-sp/hard/crt0.o (memset)
c:/ac6/systemworkbench/plugins/fr.ac6.mcu.externaltools.arm-none.win32_1.15.0.201708311556/tools/compiler/bin/../lib/gcc/arm-none-eabi/6.3.1/../../../../arm-none-eabi/lib/thumb/v7e-m/fpv4-sp/hard\libc_nano.a(lib_a-nano-freer.o)
                              c:/ac6/systemworkbench/plugins/fr.ac6.mcu.externaltools.arm-none.win32_1.15.0.201708311556/tools/compiler/bin/../lib/gcc/arm-none-eabi/6.3.1/../../../../arm-none-eabi/lib/thumb/v7e-m/fpv4-sp/hard\libc_nano.a(lib_a-malloc.o) (_free_r)
c:/ac6/systemworkbench/plugins/fr.ac6.mcu.externaltools.arm-none.win32_1.15.0.201708311556/tools/compiler/bin/../lib/gcc/arm-none-eabi/6.3.1/../../../../arm-none-eabi/lib/thumb/v7e-m/fpv4-sp/hard\libc_nano.a(lib_a-nano-mallocr.o)
                              c:/ac6/systemworkbench/plugins/fr.ac6.mcu.externaltools.arm-none.win32_1.15.0.201708311556/tools/compiler/bin/../lib/gcc/arm-none-eabi/6.3.1/../../../../arm-none-eabi/lib/thumb/v7e-m/fpv4-sp/hard\libc_nano.a(lib_a-malloc.o) (_malloc_r)
c:/ac6/systemworkbench/plugins/fr.ac6.mcu.externaltools.arm-none.win32_1.15.0.201708311556/tools/compiler/bin/../lib/gcc/arm-none-eabi/6.3.1/../../../../arm-none-eabi/lib/thumb/v7e-m/fpv4-sp/hard\libc_nano.a(lib_a-sbrkr.o)
[...]
Memory Configuration

Name             Origin             Length             Attributes
RAM              0x20000000         0x00018000         xrw
FLASH            0x08000000         0x00080000         xr
*default*        0x00000000         0xffffffff

Linker script and memory map

LOAD c:/ac6/systemworkbench/plugins/fr.ac6.mcu.externaltools.arm-none.win32_1.15.0.201708311556/tools/compiler/bin/../lib/gcc/arm-none-eabi/6.3.1/thumb/v7e-m/fpv4-sp/hard/crti.o
LOAD c:/ac6/systemworkbench/plugins/fr.ac6.mcu.externaltools.arm-none.win32_1.15.0.201708311556/tools/compiler/bin/../lib/gcc/arm-none-eabi/6.3.1/thumb/v7e-m/fpv4-sp/hard/crtbegin.o
LOAD c:/ac6/systemworkbench/plugins/fr.ac6.mcu.externaltools.arm-none.win32_1.15.0.201708311556/tools/compiler/bin/../lib/gcc/arm-none-eabi/6.3.1/../../../../arm-none-eabi/lib/thumb/v7e-m/fpv4-sp/hard/crt0.o
LOAD Drivers/STM32F4xx_HAL_Driver/Src/stm32f4xx_hal.o
LOAD Drivers/STM32F4xx_HAL_Driver/Src/stm32f4xx_hal_cortex.o
LOAD Drivers/STM32F4xx_HAL_Driver/Src/stm32f4xx_hal_crc.o
LOAD Drivers/STM32F4xx_HAL_Driver/Src/stm32f4xx_hal_dma.o
LOAD Drivers/STM32F4xx_HAL_Driver/Src/stm32f4xx_hal_dma_ex.o
LOAD Drivers/STM32F4xx_HAL_Driver/Src/stm32f4xx_hal_flash.o
LOAD Drivers/STM32F4xx_HAL_Driver/Src/stm32f4xx_hal_flash_ex.o
LOAD Drivers/STM32F4xx_HAL_Driver/Src/stm32f4xx_hal_flash_ramfunc.o
LOAD Drivers/STM32F4xx_HAL_Driver/Src/stm32f4xx_hal_gpio.o
LOAD Drivers/STM32F4xx_HAL_Driver/Src/stm32f4xx_hal_pcd.o
LOAD Drivers/STM32F4xx_HAL_Driver/Src/stm32f4xx_hal_pcd_ex.o
LOAD Drivers/STM32F4xx_HAL_Driver/Src/stm32f4xx_hal_pwr.o
LOAD Drivers/STM32F4xx_HAL_Driver/Src/stm32f4xx_hal_pwr_ex.o
LOAD Drivers/STM32F4xx_HAL_Driver/Src/stm32f4xx_hal_rcc.o
LOAD Drivers/STM32F4xx_HAL_Driver/Src/stm32f4xx_hal_rcc_ex.o
LOAD Drivers/STM32F4xx_HAL_Driver/Src/stm32f4xx_hal_tim.o
LOAD Drivers/STM32F4xx_HAL_Driver/Src/stm32f4xx_hal_tim_ex.o
LOAD Drivers/STM32F4xx_HAL_Driver/Src/stm32f4xx_hal_uart.o
LOAD Drivers/STM32F4xx_HAL_Driver/Src/stm32f4xx_ll_usb.o
LOAD Middlewares/ST/STM32_USB_Device_Library/Class/CDC/Src/usbd_cdc.o
LOAD Middlewares/ST/STM32_USB_Device_Library/Core/Src/usbd_core.o
LOAD Middlewares/ST/STM32_USB_Device_Library/Core/Src/usbd_ctlreq.o
LOAD Middlewares/ST/STM32_USB_Device_Library/Core/Src/usbd_ioreq.o
LOAD Middlewares/Third_Party/FreeRTOS/Source/CMSIS_RTOS/cmsis_os.o
LOAD Middlewares/Third_Party/FreeRTOS/Source/croutine.o
LOAD Middlewares/Third_Party/FreeRTOS/Source/event_groups.o
LOAD Middlewares/Third_Party/FreeRTOS/Source/list.o
LOAD Middlewares/Third_Party/FreeRTOS/Source/queue.o
LOAD Middlewares/Third_Party/FreeRTOS/Source/tasks.o
LOAD Middlewares/Third_Party/FreeRTOS/Source/timers.o
LOAD Middlewares/Third_Party/FreeRTOS/Source/portable/GCC/ARM_CM4F/port.o
LOAD Middlewares/Third_Party/FreeRTOS/Source/portable/MemMang/heap_4.o
LOAD Middlewares/USART_Handler/src/circ_buffers.o
LOAD Middlewares/USART_Handler/src/usart_handler.o
LOAD Middlewares/USB_CDC_Handler/src/usb_cdc_handler.o
LOAD Middlewares/USB_HID_Keyboard_Handler/src/usb_hid_keyboard.o
LOAD Middlewares/USB_HID_Keyboard_Handler/src/usb_hid_keyboard_to_ascii.o
LOAD Middlewares/USB_HID_Keyboard_Handler/src/usb_hid_presenter.o
LOAD Src/crc.o
LOAD Src/dma.o
LOAD Src/freertos.o
LOAD Src/gpio.o
LOAD Src/main.o
LOAD Src/stm32f4xx_hal_msp.o
LOAD Src/stm32f4xx_hal_timebase_TIM.o
LOAD Src/stm32f4xx_it.o
LOAD Src/system_stm32f4xx.o
LOAD Src/usart.o
LOAD Src/usb_device.o
LOAD Src/usbd_cdc_if.o
LOAD Src/usbd_conf.o
LOAD Src/usbd_desc.o
LOAD Src/utils.o
LOAD cmd_parser/src/cmd_parser.o
LOAD console/src/console.o
LOAD console/src/sprintf.o
LOAD startup/startup_stm32f401xe.o
LOAD c:/ac6/systemworkbench/plugins/fr.ac6.mcu.externaltools.arm-none.win32_1.15.0.201708311556/tools/compiler/bin/../lib/gcc/arm-none-eabi/6.3.1/../../../../arm-none-eabi/lib/thumb/v7e-m/fpv4-sp/hard\libm.a
START GROUP
LOAD c:/ac6/systemworkbench/plugins/fr.ac6.mcu.externaltools.arm-none.win32_1.15.0.201708311556/tools/compiler/bin/../lib/gcc/arm-none-eabi/6.3.1/thumb/v7e-m/fpv4-sp/hard\libgcc.a
LOAD c:/ac6/systemworkbench/plugins/fr.ac6.mcu.externaltools.arm-none.win32_1.15.0.201708311556/tools/compiler/bin/../lib/gcc/arm-none-eabi/6.3.1/../../../../arm-none-eabi/lib/thumb/v7e-m/fpv4-sp/hard\libc_nano.a
END GROUP
START GROUP
LOAD c:/ac6/systemworkbench/plugins/fr.ac6.mcu.externaltools.arm-none.win32_1.15.0.201708311556/tools/compiler/bin/../lib/gcc/arm-none-eabi/6.3.1/thumb/v7e-m/fpv4-sp/hard\libgcc.a
LOAD c:/ac6/systemworkbench/plugins/fr.ac6.mcu.externaltools.arm-none.win32_1.15.0.201708311556/tools/compiler/bin/../lib/gcc/arm-none-eabi/6.3.1/../../../../arm-none-eabi/lib/thumb/v7e-m/fpv4-sp/hard\libc_nano.a
LOAD c:/ac6/systemworkbench/plugins/fr.ac6.mcu.externaltools.arm-none.win32_1.15.0.201708311556/tools/compiler/bin/../lib/gcc/arm-none-eabi/6.3.1/../../../../arm-none-eabi/lib/thumb/v7e-m/fpv4-sp/hard\libnosys.a
END GROUP
START GROUP
LOAD c:/ac6/systemworkbench/plugins/fr.ac6.mcu.externaltools.arm-none.win32_1.15.0.201708311556/tools/compiler/bin/../lib/gcc/arm-none-eabi/6.3.1/thumb/v7e-m/fpv4-sp/hard\libgcc.a
LOAD c:/ac6/systemworkbench/plugins/fr.ac6.mcu.externaltools.arm-none.win32_1.15.0.201708311556/tools/compiler/bin/../lib/gcc/arm-none-eabi/6.3.1/../../../../arm-none-eabi/lib/thumb/v7e-m/fpv4-sp/hard\libc_nano.a
LOAD c:/ac6/systemworkbench/plugins/fr.ac6.mcu.externaltools.arm-none.win32_1.15.0.201708311556/tools/compiler/bin/../lib/gcc/arm-none-eabi/6.3.1/../../../../arm-none-eabi/lib/thumb/v7e-m/fpv4-sp/hard\libnosys.a
END GROUP
LOAD c:/ac6/systemworkbench/plugins/fr.ac6.mcu.externaltools.arm-none.win32_1.15.0.201708311556/tools/compiler/bin/../lib/gcc/arm-none-eabi/6.3.1/thumb/v7e-m/fpv4-sp/hard/crtend.o
LOAD c:/ac6/systemworkbench/plugins/fr.ac6.mcu.externaltools.arm-none.win32_1.15.0.201708311556/tools/compiler/bin/../lib/gcc/arm-none-eabi/6.3.1/thumb/v7e-m/fpv4-sp/hard/crtn.o
                0x20018000                _estack = 0x20018000
                0x00000200                _Min_Heap_Size = 0x200
                0x00000400                _Min_Stack_Size = 0x400

.isr_vector     0x08000000      0x194
                0x08000000                . = ALIGN (0x4)
 *(.isr_vector)
 .isr_vector    0x08000000      0x194 startup/startup_stm32f401xe.o
                0x08000000                g_pfnVectors
                0x08000194                . = ALIGN (0x4)

.text           0x080001a0     0x6bb0
                0x080001a0                . = ALIGN (0x4)
 *(.text)
 .text          0x080001a0       0x6c c:/ac6/systemworkbench/plugins/fr.ac6.mcu.externaltools.arm-none.win32_1.15.0.201708311556/tools/compiler/bin/../lib/gcc/arm-none-eabi/6.3.1/thumb/v7e-m/fpv4-sp/hard/crtbegin.o
 .text          0x0800020c       0x30 c:/ac6/systemworkbench/plugins/fr.ac6.mcu.externaltools.arm-none.win32_1.15.0.201708311556/tools/compiler/bin/../lib/gcc/arm-none-eabi/6.3.1/thumb/v7e-m/fpv4-sp/hard\libgcc.a(_aeabi_uldivmod.o)
                0x0800020c                __aeabi_uldivmod
 .text          0x0800023c      0x2dc c:/ac6/systemworkbench/plugins/fr.ac6.mcu.externaltools.arm-none.win32_1.15.0.201708311556/tools/compiler/bin/../lib/gcc/arm-none-eabi/6.3.1/thumb/v7e-m/fpv4-sp/hard\libgcc.a(_udivmoddi4.o)
                0x0800023c                __udivmoddi4
 .text          0x08000518        0x4 c:/ac6/systemworkbench/plugins/fr.ac6.mcu.externaltools.arm-none.win32_1.15.0.201708311556/tools/compiler/bin/../lib/gcc/arm-none-eabi/6.3.1/thumb/v7e-m/fpv4-sp/hard\libgcc.a(_dvmd_tls.o)
                0x08000518                __aeabi_idiv0
                0x08000518                __aeabi_ldiv0
 .text          0x0800051c       0x10 c:/ac6/systemworkbench/plugins/fr.ac6.mcu.externaltools.arm-none.win32_1.15.0.201708311556/tools/compiler/bin/../lib/gcc/arm-none-eabi/6.3.1/../../../../arm-none-eabi/lib/thumb/v7e-m/fpv4-sp/hard\libc_nano.a(lib_a-strlen.o)
                0x0800051c                strlen
 *(.text*)
 .text.HAL_Init
                0x0800052c       0x34 Drivers/STM32F4xx_HAL_Driver/Src/stm32f4xx_hal.o
                0x0800052c                HAL_Init
 .text.HAL_IncTick
                0x08000560       0x18 Drivers/STM32F4xx_HAL_Driver/Src/stm32f4xx_hal.o
                0x08000560                HAL_IncTick
 .text.HAL_GetTick
                0x08000578        0xc Drivers/STM32F4xx_HAL_Driver/Src/stm32f4xx_hal.o
                0x08000578                HAL_GetTick
 .text.HAL_Delay
                0x08000584       0x28 Drivers/STM32F4xx_HAL_Driver/Src/stm32f4xx_hal.o
                0x08000584                HAL_Delay
 .text.HAL_NVIC_SetPriorityGrouping
                0x080005ac       0x24 Drivers/STM32F4xx_HAL_Driver/Src/stm32f4xx_hal_cortex.o
                0x080005ac                HAL_NVIC_SetPriorityGrouping
 .text.HAL_NVIC_SetPriority
                0x080005d0       0x64 Drivers/STM32F4xx_HAL_Driver/Src/stm32f4xx_hal_cortex.o
                0x080005d0                HAL_NVIC_SetPriority
 .text.HAL_NVIC_EnableIRQ
                0x08000634       0x18 Drivers/STM32F4xx_HAL_Driver/Src/stm32f4xx_hal_cortex.o
                0x08000634                HAL_NVIC_EnableIRQ
 .text.HAL_SYSTICK_Config
                0x0800064c       0x2c Drivers/STM32F4xx_HAL_Driver/Src/stm32f4xx_hal_cortex.o
                0x0800064c                HAL_SYSTICK_Config
 .text.HAL_SYSTICK_CLKSourceConfig
                0x08000678       0x20 Drivers/STM32F4xx_HAL_Driver/Src/stm32f4xx_hal_cortex.o
                0x08000678                HAL_SYSTICK_CLKSourceConfig
 .text.HAL_CRC_Init
                0x08000698       0x22 Drivers/STM32F4xx_HAL_Driver/Src/stm32f4xx_hal_crc.o
                0x08000698                HAL_CRC_Init
 .text.DMA_SetConfig
                0x080006ba       0x2c Drivers/STM32F4xx_HAL_Driver/Src/stm32f4xx_hal_dma.o
 *fill*         0x080006e6        0x2 
 .text.DMA_CalcBaseAndBitshift
                0x080006e8       0x3c Drivers/STM32F4xx_HAL_Driver/Src/stm32f4xx_hal_dma.o
 .text.DMA_CheckFifoParam
                0x08000724       0x8e Drivers/STM32F4xx_HAL_Driver/Src/stm32f4xx_hal_dma.o
 *fill*         0x080007b2        0x2 
 .text.HAL_DMA_Init
                0x080007b4       0xd0 Drivers/STM32F4xx_HAL_Driver/Src/stm32f4xx_hal_dma.o
                0x080007b4                HAL_DMA_Init
 .text.HAL_DMA_Start_IT
                0x08000884       0x74 Drivers/STM32F4xx_HAL_Driver/Src/stm32f4xx_hal_dma.o
                0x08000884                HAL_DMA_Start_IT
 .text.HAL_DMA_Abort_IT
                0x080008f8       0x26 Drivers/STM32F4xx_HAL_Driver/Src/stm32f4xx_hal_dma.o
                0x080008f8                HAL_DMA_Abort_IT
 *fill*         0x0800091e        0x2 
 .text.HAL_DMA_IRQHandler
                0x08000920      0x1dc Drivers/STM32F4xx_HAL_Driver/Src/stm32f4xx_hal_dma.o
                0x08000920                HAL_DMA_IRQHandler
 .text.HAL_GPIO_Init
                0x08000afc      0x1a8 Drivers/STM32F4xx_HAL_Driver/Src/stm32f4xx_hal_gpio.o
                0x08000afc                HAL_GPIO_Init
 .text.HAL_GPIO_WritePin
                0x08000ca4        0xc Drivers/STM32F4xx_HAL_Driver/Src/stm32f4xx_hal_gpio.o
                0x08000ca4                HAL_GPIO_WritePin
 .text.PCD_WriteEmptyTxFifo
                0x08000cb0       0xac Drivers/STM32F4xx_HAL_Driver/Src/stm32f4xx_hal_pcd.o
 .text.HAL_PCD_Init
                0x08000d5c       0xe0 Drivers/STM32F4xx_HAL_Driver/Src/stm32f4xx_hal_pcd.o
                0x08000d5c                HAL_PCD_Init
 .text.HAL_PCD_Start
                0x08000e3c       0x2a Drivers/STM32F4xx_HAL_Driver/Src/stm32f4xx_hal_pcd.o
                0x08000e3c                HAL_PCD_Start
 *fill*         0x08000e66        0x2 
 .text.HAL_PCD_IRQHandler
                0x08000e68      0x5c4 Drivers/STM32F4xx_HAL_Driver/Src/stm32f4xx_hal_pcd.o
                0x08000e68                HAL_PCD_IRQHandler
 .text.HAL_PCD_SetAddress
                0x0800142c       0x24 Drivers/STM32F4xx_HAL_Driver/Src/stm32f4xx_hal_pcd.o
                0x0800142c                HAL_PCD_SetAddress
 .text.HAL_PCD_EP_Open
                0x08001450       0x68 Drivers/STM32F4xx_HAL_Driver/Src/stm32f4xx_hal_pcd.o
                0x08001450                HAL_PCD_EP_Open
 .text.HAL_PCD_EP_Close
                0x080014b8       0x56 Drivers/STM32F4xx_HAL_Driver/Src/stm32f4xx_hal_pcd.o
                0x080014b8                HAL_PCD_EP_Close
 .text.HAL_PCD_EP_Receive
                0x0800150e       0x5a Drivers/STM32F4xx_HAL_Driver/Src/stm32f4xx_hal_pcd.o
                0x0800150e                HAL_PCD_EP_Receive
 .text.HAL_PCD_EP_GetRxCount
                0x08001568       0x12 Drivers/STM32F4xx_HAL_Driver/Src/stm32f4xx_hal_pcd.o
                0x08001568                HAL_PCD_EP_GetRxCount
 .text.HAL_PCD_EP_Transmit
                0x0800157a       0x52 Drivers/STM32F4xx_HAL_Driver/Src/stm32f4xx_hal_pcd.o
                0x0800157a                HAL_PCD_EP_Transmit
 .text.HAL_PCD_EP_SetStall
                0x080015cc       0x66 Drivers/STM32F4xx_HAL_Driver/Src/stm32f4xx_hal_pcd.o
                0x080015cc                HAL_PCD_EP_SetStall
 .text.HAL_PCD_EP_ClrStall
                0x08001632       0x56 Drivers/STM32F4xx_HAL_Driver/Src/stm32f4xx_hal_pcd.o
                0x08001632                HAL_PCD_EP_ClrStall
 .text.HAL_PCDEx_SetTxFiFo
                0x08001688       0x48 Drivers/STM32F4xx_HAL_Driver/Src/stm32f4xx_hal_pcd_ex.o
                0x08001688                HAL_PCDEx_SetTxFiFo
 .text.HAL_PCDEx_SetRxFiFo
                0x080016d0        0x8 Drivers/STM32F4xx_HAL_Driver/Src/stm32f4xx_hal_pcd_ex.o
                0x080016d0                HAL_PCDEx_SetRxFiFo
 .text.HAL_RCC_OscConfig
                0x080016d8      0x398 Drivers/STM32F4xx_HAL_Driver/Src/stm32f4xx_hal_rcc.o
                0x080016d8                HAL_RCC_OscConfig
 .text.HAL_RCC_GetSysClockFreq
                0x08001a70       0xd4 Drivers/STM32F4xx_HAL_Driver/Src/stm32f4xx_hal_rcc.o
                0x08001a70                HAL_RCC_GetSysClockFreq
 .text.HAL_RCC_ClockConfig
                0x08001b44      0x158 Drivers/STM32F4xx_HAL_Driver/Src/stm32f4xx_hal_rcc.o
                0x08001b44                HAL_RCC_ClockConfig
 .text.HAL_RCC_GetHCLKFreq
                0x08001c9c        0xc Drivers/STM32F4xx_HAL_Driver/Src/stm32f4xx_hal_rcc.o
                0x08001c9c                HAL_RCC_GetHCLKFreq
 .text.HAL_RCC_GetPCLK1Freq
                0x08001ca8       0x20 Drivers/STM32F4xx_HAL_Driver/Src/stm32f4xx_hal_rcc.o
                0x08001ca8                HAL_RCC_GetPCLK1Freq
 .text.HAL_RCC_GetPCLK2Freq
                0x08001cc8       0x20 Drivers/STM32F4xx_HAL_Driver/Src/stm32f4xx_hal_rcc.o
                0x08001cc8                HAL_RCC_GetPCLK2Freq
 .text.HAL_RCC_GetClockConfig
                0x08001ce8       0x3c Drivers/STM32F4xx_HAL_Driver/Src/stm32f4xx_hal_rcc.o
                0x08001ce8                HAL_RCC_GetClockConfig
 .text.HAL_TIM_Base_MspInit
                0x08001d24        0x2 Drivers/STM32F4xx_HAL_Driver/Src/stm32f4xx_hal_tim.o
                0x08001d24                HAL_TIM_Base_MspInit
 .text.HAL_TIM_Base_Start_IT
                0x08001d26       0x18 Drivers/STM32F4xx_HAL_Driver/Src/stm32f4xx_hal_tim.o
                0x08001d26                HAL_TIM_Base_Start_IT
 .text.HAL_TIM_OC_DelayElapsedCallback
                0x08001d3e        0x2 Drivers/STM32F4xx_HAL_Driver/Src/stm32f4xx_hal_tim.o
                0x08001d3e                HAL_TIM_OC_DelayElapsedCallback
 .text.HAL_TIM_IC_CaptureCallback
                0x08001d40        0x2 Drivers/STM32F4xx_HAL_Driver/Src/stm32f4xx_hal_tim.o
                0x08001d40                HAL_TIM_IC_CaptureCallback
 .text.HAL_TIM_PWM_PulseFinishedCallback
                0x08001d42        0x2 Drivers/STM32F4xx_HAL_Driver/Src/stm32f4xx_hal_tim.o
                0x08001d42                HAL_TIM_PWM_PulseFinishedCallback
 .text.HAL_TIM_TriggerCallback
                0x08001d44        0x2 Drivers/STM32F4xx_HAL_Driver/Src/stm32f4xx_hal_tim.o
                0x08001d44                HAL_TIM_TriggerCallback
 .text.HAL_TIM_IRQHandler
                0x08001d46      0x17a Drivers/STM32F4xx_HAL_Driver/Src/stm32f4xx_hal_tim.o
                0x08001d46                HAL_TIM_IRQHandler
 .text.TIM_Base_SetConfig
                0x08001ec0       0xd0 Drivers/STM32F4xx_HAL_Driver/Src/stm32f4xx_hal_tim.o
                0x08001ec0                TIM_Base_SetConfig
 .text.HAL_TIM_Base_Init
                0x08001f90       0x32 Drivers/STM32F4xx_HAL_Driver/Src/stm32f4xx_hal_tim.o
                0x08001f90                HAL_TIM_Base_Init
 .text.HAL_TIMEx_CommutationCallback
                0x08001fc2        0x2 Drivers/STM32F4xx_HAL_Driver/Src/stm32f4xx_hal_tim_ex.o
                0x08001fc2                HAL_TIMEx_CommutationCallback
 .text.HAL_TIMEx_BreakCallback
                0x08001fc4        0x2 Drivers/STM32F4xx_HAL_Driver/Src/stm32f4xx_hal_tim_ex.o
                0x08001fc4                HAL_TIMEx_BreakCallback
 .text.UART_EndTxTransfer
                0x08001fc6       0x12 Drivers/STM32F4xx_HAL_Driver/Src/stm32f4xx_hal_uart.o
 .text.UART_EndRxTransfer
                0x08001fd8       0x1c Drivers/STM32F4xx_HAL_Driver/Src/stm32f4xx_hal_uart.o
 .text.UART_Transmit_IT
                0x08001ff4       0x6a Drivers/STM32F4xx_HAL_Driver/Src/stm32f4xx_hal_uart.o
 *fill*         0x0800205e        0x2 
 .text.UART_SetConfig
                0x08002060      0x344 Drivers/STM32F4xx_HAL_Driver/Src/stm32f4xx_hal_uart.o
 .text.HAL_UART_Init
                0x080023a4       0x5e Drivers/STM32F4xx_HAL_Driver/Src/stm32f4xx_hal_uart.o
                0x080023a4                HAL_UART_Init
 .text.HAL_UART_Receive_IT
                0x08002402       0x52 Drivers/STM32F4xx_HAL_Driver/Src/stm32f4xx_hal_uart.o
                0x08002402                HAL_UART_Receive_IT
 .text.HAL_UART_Transmit_DMA
                0x08002454       0x8c Drivers/STM32F4xx_HAL_Driver/Src/stm32f4xx_hal_uart.o
                0x08002454                HAL_UART_Transmit_DMA
 .text.UART_DMATransmitCplt
                0x080024e0       0x30 Drivers/STM32F4xx_HAL_Driver/Src/stm32f4xx_hal_uart.o
 .text.UART_EndTransmit_IT
                0x08002510       0x1a Drivers/STM32F4xx_HAL_Driver/Src/stm32f4xx_hal_uart.o
 .text.HAL_UART_TxHalfCpltCallback
                0x0800252a        0x2 Drivers/STM32F4xx_HAL_Driver/Src/stm32f4xx_hal_uart.o
                0x0800252a                HAL_UART_TxHalfCpltCallback
 .text.UART_DMATxHalfCplt
                0x0800252c        0xa Drivers/STM32F4xx_HAL_Driver/Src/stm32f4xx_hal_uart.o
 .text.UART_Receive_IT
                0x08002536       0x94 Drivers/STM32F4xx_HAL_Driver/Src/stm32f4xx_hal_uart.o
 .text.UART_DMAError
                0x080025ca       0x58 Drivers/STM32F4xx_HAL_Driver/Src/stm32f4xx_hal_uart.o
 *fill*         0x08002622        0x2 
 .text.HAL_UART_IRQHandler
                0x08002624      0x120 Drivers/STM32F4xx_HAL_Driver/Src/stm32f4xx_hal_uart.o
                0x08002624                HAL_UART_IRQHandler
 .text.UART_DMAAbortOnError
                0x08002744       0x10 Drivers/STM32F4xx_HAL_Driver/Src/stm32f4xx_hal_uart.o
 .text.HAL_UART_GetState
                0x08002754        0xc Drivers/STM32F4xx_HAL_Driver/Src/stm32f4xx_hal_uart.o
                0x08002754                HAL_UART_GetState
 .text.HAL_UART_GetError
                0x08002760        0x4 Drivers/STM32F4xx_HAL_Driver/Src/stm32f4xx_hal_uart.o
                0x08002760                HAL_UART_GetError
 .text.USB_CoreInit
                0x08002764       0x7c Drivers/STM32F4xx_HAL_Driver/Src/stm32f4xx_ll_usb.o
                0x08002764                USB_CoreInit
 .text.USB_EnableGlobalInt
                0x080027e0        0xc Drivers/STM32F4xx_HAL_Driver/Src/stm32f4xx_ll_usb.o
                0x080027e0                USB_EnableGlobalInt
 .text.USB_DisableGlobalInt
                0x080027ec        0xc Drivers/STM32F4xx_HAL_Driver/Src/stm32f4xx_ll_usb.o
                0x080027ec                USB_DisableGlobalInt
 .text.USB_SetCurrentMode
                0x080027f8       0x2c Drivers/STM32F4xx_HAL_Driver/Src/stm32f4xx_ll_usb.o
                0x080027f8                USB_SetCurrentMode
 .text.USB_DevInit
                0x08002824      0x150 Drivers/STM32F4xx_HAL_Driver/Src/stm32f4xx_ll_usb.o
                0x08002824                USB_DevInit
 .text.USB_FlushTxFifo
                0x08002974       0x28 Drivers/STM32F4xx_HAL_Driver/Src/stm32f4xx_ll_usb.o
                0x08002974                USB_FlushTxFifo
 .text.USB_FlushRxFifo
                0x0800299c       0x24 Drivers/STM32F4xx_HAL_Driver/Src/stm32f4xx_ll_usb.o
                0x0800299c                USB_FlushRxFifo
 .text.USB_SetDevSpeed
                0x080029c0        0xe Drivers/STM32F4xx_HAL_Driver/Src/stm32f4xx_ll_usb.o
                0x080029c0                USB_SetDevSpeed
 .text.USB_GetDevSpeed
                0x080029ce       0x40 Drivers/STM32F4xx_HAL_Driver/Src/stm32f4xx_ll_usb.o
                0x080029ce                USB_GetDevSpeed
 .text.USB_ActivateEndpoint
                0x08002a0e       0x92 Drivers/STM32F4xx_HAL_Driver/Src/stm32f4xx_ll_usb.o
                0x08002a0e                USB_ActivateEndpoint
 .text.USB_DeactivateEndpoint
                0x08002aa0       0xf0 Drivers/STM32F4xx_HAL_Driver/Src/stm32f4xx_ll_usb.o
                0x08002aa0                USB_DeactivateEndpoint
 .text.USB_EPStartXfer
                0x08002b90      0x264 Drivers/STM32F4xx_HAL_Driver/Src/stm32f4xx_ll_usb.o
                0x08002b90                USB_EPStartXfer
 .text.USB_EP0StartXfer
                0x08002df4      0x160 Drivers/STM32F4xx_HAL_Driver/Src/stm32f4xx_ll_usb.o
                0x08002df4                USB_EP0StartXfer
 .text.USB_WritePacket
                0x08002f54       0x28 Drivers/STM32F4xx_HAL_Driver/Src/stm32f4xx_ll_usb.o
                0x08002f54                USB_WritePacket
 .text.USB_ReadPacket
                0x08002f7c       0x28 Drivers/STM32F4xx_HAL_Driver/Src/stm32f4xx_ll_usb.o
                0x08002f7c                USB_ReadPacket
 .text.USB_EPSetStall
                0x08002fa4       0x64 Drivers/STM32F4xx_HAL_Driver/Src/stm32f4xx_ll_usb.o
                0x08002fa4                USB_EPSetStall
 .text.USB_EPClearStall
                0x08003008       0x6a Drivers/STM32F4xx_HAL_Driver/Src/stm32f4xx_ll_usb.o
                0x08003008                USB_EPClearStall
 .text.USB_SetDevAddress
                0x08003072       0x20 Drivers/STM32F4xx_HAL_Driver/Src/stm32f4xx_ll_usb.o
                0x08003072                USB_SetDevAddress
 .text.USB_DevConnect
                0x08003092       0x18 Drivers/STM32F4xx_HAL_Driver/Src/stm32f4xx_ll_usb.o
                0x08003092                USB_DevConnect
 .text.USB_DevDisconnect
                0x080030aa       0x18 Drivers/STM32F4xx_HAL_Driver/Src/stm32f4xx_ll_usb.o
                0x080030aa                USB_DevDisconnect
 .text.USB_ReadInterrupts
                0x080030c2        0x8 Drivers/STM32F4xx_HAL_Driver/Src/stm32f4xx_ll_usb.o
                0x080030c2                USB_ReadInterrupts
 .text.USB_ReadDevAllOutEpInterrupt
                0x080030ca       0x10 Drivers/STM32F4xx_HAL_Driver/Src/stm32f4xx_ll_usb.o
                0x080030ca                USB_ReadDevAllOutEpInterrupt
 .text.USB_ReadDevAllInEpInterrupt
                0x080030da       0x10 Drivers/STM32F4xx_HAL_Driver/Src/stm32f4xx_ll_usb.o
                0x080030da                USB_ReadDevAllInEpInterrupt
 .text.USB_ReadDevOutEPInterrupt
                0x080030ea       0x12 Drivers/STM32F4xx_HAL_Driver/Src/stm32f4xx_ll_usb.o
                0x080030ea                USB_ReadDevOutEPInterrupt
 .text.USB_ReadDevInEPInterrupt
                0x080030fc       0x1c Drivers/STM32F4xx_HAL_Driver/Src/stm32f4xx_ll_usb.o
                0x080030fc                USB_ReadDevInEPInterrupt
 .text.USB_GetMode
                0x08003118        0x8 Drivers/STM32F4xx_HAL_Driver/Src/stm32f4xx_ll_usb.o
                0x08003118                USB_GetMode
 .text.USB_ActivateSetup
                0x08003120       0x38 Drivers/STM32F4xx_HAL_Driver/Src/stm32f4xx_ll_usb.o
                0x08003120                USB_ActivateSetup
 .text.USB_EP0_OutStart
                0x08003158       0x46 Drivers/STM32F4xx_HAL_Driver/Src/stm32f4xx_ll_usb.o
                0x08003158                USB_EP0_OutStart
 *fill*         0x0800319e        0x2 
 .text.USB_CoreReset
                0x080031a0       0x3c Drivers/STM32F4xx_HAL_Driver/Src/stm32f4xx_ll_usb.o
 .text.USBD_CDC_DataIn
                0x080031dc       0x12 Middlewares/ST/STM32_USB_Device_Library/Class/CDC/Src/usbd_cdc.o
 .text.USBD_CDC_EP0_RxReady
                0x080031ee       0x28 Middlewares/ST/STM32_USB_Device_Library/Class/CDC/Src/usbd_cdc.o
 *fill*         0x08003216        0x2 
 .text.USBD_CDC_GetFSCfgDesc
                0x08003218        0xc Middlewares/ST/STM32_USB_Device_Library/Class/CDC/Src/usbd_cdc.o
 .text.USBD_CDC_GetHSCfgDesc
                0x08003224        0xc Middlewares/ST/STM32_USB_Device_Library/Class/CDC/Src/usbd_cdc.o
 .text.USBD_CDC_GetOtherSpeedCfgDesc
                0x08003230        0xc Middlewares/ST/STM32_USB_Device_Library/Class/CDC/Src/usbd_cdc.o
 .text.USBD_CDC_GetDeviceQualifierDescriptor
                0x0800323c        0xc Middlewares/ST/STM32_USB_Device_Library/Class/CDC/Src/usbd_cdc.o
                0x0800323c                USBD_CDC_GetDeviceQualifierDescriptor
 .text.USBD_CDC_DataOut
                0x08003248       0x2e Middlewares/ST/STM32_USB_Device_Library/Class/CDC/Src/usbd_cdc.o
 *fill*         0x08003276        0x2 
 .text.USBD_CDC_Setup
                0x08003278       0x74 Middlewares/ST/STM32_USB_Device_Library/Class/CDC/Src/usbd_cdc.o
 .text.USBD_CDC_DeInit
                0x080032ec       0x3a Middlewares/ST/STM32_USB_Device_Library/Class/CDC/Src/usbd_cdc.o
 .text.USBD_CDC_Init
                0x08003326       0x96 Middlewares/ST/STM32_USB_Device_Library/Class/CDC/Src/usbd_cdc.o
 .text.USBD_CDC_RegisterInterface
                0x080033bc        0xe Middlewares/ST/STM32_USB_Device_Library/Class/CDC/Src/usbd_cdc.o
                0x080033bc                USBD_CDC_RegisterInterface
 .text.USBD_CDC_SetTxBuffer
                0x080033ca       0x10 Middlewares/ST/STM32_USB_Device_Library/Class/CDC/Src/usbd_cdc.o
                0x080033ca                USBD_CDC_SetTxBuffer
 .text.USBD_CDC_SetRxBuffer
                0x080033da        0xc Middlewares/ST/STM32_USB_Device_Library/Class/CDC/Src/usbd_cdc.o
                0x080033da                USBD_CDC_SetRxBuffer
 .text.USBD_CDC_TransmitPacket
                0x080033e6       0x2e Middlewares/ST/STM32_USB_Device_Library/Class/CDC/Src/usbd_cdc.o
                0x080033e6                USBD_CDC_TransmitPacket
 .text.USBD_CDC_ReceivePacket
                0x08003414       0x32 Middlewares/ST/STM32_USB_Device_Library/Class/CDC/Src/usbd_cdc.o
                0x08003414                USBD_CDC_ReceivePacket
 .text.USBD_Init
                0x08003446       0x2e Middlewares/ST/STM32_USB_Device_Library/Core/Src/usbd_core.o
                0x08003446                USBD_Init
 .text.USBD_RegisterClass
                0x08003474        0xe Middlewares/ST/STM32_USB_Device_Library/Core/Src/usbd_core.o
                0x08003474                USBD_RegisterClass
 .text.USBD_Start
                0x08003482        0xa Middlewares/ST/STM32_USB_Device_Library/Core/Src/usbd_core.o
                0x08003482                USBD_Start
 .text.USBD_SetClassConfig
                0x0800348c       0x1a Middlewares/ST/STM32_USB_Device_Library/Core/Src/usbd_core.o
                0x0800348c                USBD_SetClassConfig
 .text.USBD_ClrClassConfig
                0x080034a6        0xe Middlewares/ST/STM32_USB_Device_Library/Core/Src/usbd_core.o
                0x080034a6                USBD_ClrClassConfig
 .text.USBD_LL_SetupStage
                0x080034b4       0x5a Middlewares/ST/STM32_USB_Device_Library/Core/Src/usbd_core.o
                0x080034b4                USBD_LL_SetupStage
 .text.USBD_LL_DataOutStage
                0x0800350e       0x6a Middlewares/ST/STM32_USB_Device_Library/Core/Src/usbd_core.o
                0x0800350e                USBD_LL_DataOutStage
 .text.USBD_LL_DataInStage
                0x08003578       0xb2 Middlewares/ST/STM32_USB_Device_Library/Core/Src/usbd_core.o
                0x08003578                USBD_LL_DataInStage
 .text.USBD_LL_Reset
                0x0800362a       0x3e Middlewares/ST/STM32_USB_Device_Library/Core/Src/usbd_core.o
                0x0800362a                USBD_LL_Reset
 .text.USBD_LL_SetSpeed
                0x08003668        0x6 Middlewares/ST/STM32_USB_Device_Library/Core/Src/usbd_core.o
                0x08003668                USBD_LL_SetSpeed
 .text.USBD_LL_Suspend
                0x0800366e       0x12 Middlewares/ST/STM32_USB_Device_Library/Core/Src/usbd_core.o
                0x0800366e                USBD_LL_Suspend
 .text.USBD_LL_Resume
                0x08003680        0xc Middlewares/ST/STM32_USB_Device_Library/Core/Src/usbd_core.o
                0x08003680                USBD_LL_Resume
 .text.USBD_LL_SOF
                0x0800368c       0x1c Middlewares/ST/STM32_USB_Device_Library/Core/Src/usbd_core.o
                0x0800368c                USBD_LL_SOF
 .text.USBD_LL_IsoINIncomplete
                0x080036a8        0x4 Middlewares/ST/STM32_USB_Device_Library/Core/Src/usbd_core.o
                0x080036a8                USBD_LL_IsoINIncomplete
 .text.USBD_LL_IsoOUTIncomplete
                0x080036ac        0x4 Middlewares/ST/STM32_USB_Device_Library/Core/Src/usbd_core.o
                0x080036ac                USBD_LL_IsoOUTIncomplete
 .text.USBD_LL_DevConnected
                0x080036b0        0x4 Middlewares/ST/STM32_USB_Device_Library/Core/Src/usbd_core.o
                0x080036b0                USBD_LL_DevConnected
 .text.USBD_LL_DevDisconnected
                0x080036b4       0x16 Middlewares/ST/STM32_USB_Device_Library/Core/Src/usbd_core.o
                0x080036b4                USBD_LL_DevDisconnected
 .text.USBD_GetLen
                0x080036ca       0x14 Middlewares/ST/STM32_USB_Device_Library/Core/Src/usbd_ctlreq.o
 .text.USBD_SetFeature
                0x080036de       0x20 Middlewares/ST/STM32_USB_Device_Library/Core/Src/usbd_ctlreq.o
 .text.USBD_ParseSetupRequest
                0x080036fe       0x28 Middlewares/ST/STM32_USB_Device_Library/Core/Src/usbd_ctlreq.o
                0x080036fe                USBD_ParseSetupRequest
 .text.USBD_CtlError
                0x08003726       0x14 Middlewares/ST/STM32_USB_Device_Library/Core/Src/usbd_ctlreq.o
                0x08003726                USBD_CtlError
 .text.USBD_GetDescriptor
                0x0800373a      0x132 Middlewares/ST/STM32_USB_Device_Library/Core/Src/usbd_ctlreq.o
 .text.USBD_SetAddress
                0x0800386c       0x4a Middlewares/ST/STM32_USB_Device_Library/Core/Src/usbd_ctlreq.o
 *fill*         0x080038b6        0x2 
 .text.USBD_SetConfig
                0x080038b8       0xa4 Middlewares/ST/STM32_USB_Device_Library/Core/Src/usbd_ctlreq.o
 .text.USBD_GetConfig
                0x0800395c       0x3a Middlewares/ST/STM32_USB_Device_Library/Core/Src/usbd_ctlreq.o
 .text.USBD_GetStatus
                0x08003996       0x2c Middlewares/ST/STM32_USB_Device_Library/Core/Src/usbd_ctlreq.o
 .text.USBD_ClrFeature
                0x080039c2       0x32 Middlewares/ST/STM32_USB_Device_Library/Core/Src/usbd_ctlreq.o
 .text.USBD_StdDevReq
                0x080039f4       0x48 Middlewares/ST/STM32_USB_Device_Library/Core/Src/usbd_ctlreq.o
                0x080039f4                USBD_StdDevReq
 .text.USBD_StdItfReq
                0x08003a3c       0x38 Middlewares/ST/STM32_USB_Device_Library/Core/Src/usbd_ctlreq.o
                0x08003a3c                USBD_StdItfReq
 .text.USBD_StdEPReq
                0x08003a74      0x118 Middlewares/ST/STM32_USB_Device_Library/Core/Src/usbd_ctlreq.o
                0x08003a74                USBD_StdEPReq
 .text.USBD_GetString
                0x08003b8c       0x3a Middlewares/ST/STM32_USB_Device_Library/Core/Src/usbd_ctlreq.o
                0x08003b8c                USBD_GetString
 .text.USBD_CtlSendData
                0x08003bc6       0x1a Middlewares/ST/STM32_USB_Device_Library/Core/Src/usbd_ioreq.o
                0x08003bc6                USBD_CtlSendData
 .text.USBD_CtlContinueSendData
                0x08003be0       0x10 Middlewares/ST/STM32_USB_Device_Library/Core/Src/usbd_ioreq.o
                0x08003be0                USBD_CtlContinueSendData
 .text.USBD_CtlPrepareRx
                0x08003bf0       0x1e Middlewares/ST/STM32_USB_Device_Library/Core/Src/usbd_ioreq.o
                0x08003bf0                USBD_CtlPrepareRx
 .text.USBD_CtlContinueRx
                0x08003c0e       0x10 Middlewares/ST/STM32_USB_Device_Library/Core/Src/usbd_ioreq.o
                0x08003c0e                USBD_CtlContinueRx
 .text.USBD_CtlSendStatus
                0x08003c1e       0x16 Middlewares/ST/STM32_USB_Device_Library/Core/Src/usbd_ioreq.o
                0x08003c1e                USBD_CtlSendStatus
 .text.USBD_CtlReceiveStatus
                0x08003c34       0x16 Middlewares/ST/STM32_USB_Device_Library/Core/Src/usbd_ioreq.o
                0x08003c34                USBD_CtlReceiveStatus
 .text.makeFreeRtosPriority
                0x08003c4a        0xc Middlewares/Third_Party/FreeRTOS/Source/CMSIS_RTOS/cmsis_os.o
 .text.inHandlerMode
                0x08003c56        0xc Middlewares/Third_Party/FreeRTOS/Source/CMSIS_RTOS/cmsis_os.o
 .text.osKernelStart
                0x08003c62        0xa Middlewares/Third_Party/FreeRTOS/Source/CMSIS_RTOS/cmsis_os.o
                0x08003c62                osKernelStart
 .text.osThreadCreate
                0x08003c6c       0x34 Middlewares/Third_Party/FreeRTOS/Source/CMSIS_RTOS/cmsis_os.o
                0x08003c6c                osThreadCreate
 .text.osDelay  0x08003ca0       0x12 Middlewares/Third_Party/FreeRTOS/Source/CMSIS_RTOS/cmsis_os.o
                0x08003ca0                osDelay
 .text.osSemaphoreCreate
                0x08003cb2       0x26 Middlewares/Third_Party/FreeRTOS/Source/CMSIS_RTOS/cmsis_os.o
                0x08003cb2                osSemaphoreCreate
 .text.osSemaphoreWait
                0x08003cd8       0x74 Middlewares/Third_Party/FreeRTOS/Source/CMSIS_RTOS/cmsis_os.o
                0x08003cd8                osSemaphoreWait
 .text.osSemaphoreRelease
                0x08003d4c       0x5c Middlewares/Third_Party/FreeRTOS/Source/CMSIS_RTOS/cmsis_os.o
                0x08003d4c                osSemaphoreRelease
 .text.osSystickHandler
                0x08003da8       0x10 Middlewares/Third_Party/FreeRTOS/Source/CMSIS_RTOS/cmsis_os.o
                0x08003da8                osSystickHandler
 .text.vListInitialise
                0x08003db8       0x16 Middlewares/Third_Party/FreeRTOS/Source/list.o
                0x08003db8                vListInitialise
 .text.vListInitialiseItem
                0x08003dce        0x6 Middlewares/Third_Party/FreeRTOS/Source/list.o
                0x08003dce                vListInitialiseItem
 .text.vListInsertEnd
                0x08003dd4       0x18 Middlewares/Third_Party/FreeRTOS/Source/list.o
                0x08003dd4                vListInsertEnd
 .text.vListInsert
                0x08003dec       0x34 Middlewares/Third_Party/FreeRTOS/Source/list.o
                0x08003dec                vListInsert
 .text.uxListRemove
                0x08003e20       0x26 Middlewares/Third_Party/FreeRTOS/Source/list.o
                0x08003e20                uxListRemove
 .text.prvIsQueueFull
                0x08003e46       0x1e Middlewares/Third_Party/FreeRTOS/Source/queue.o
 .text.prvIsQueueEmpty
                0x08003e64       0x1a Middlewares/Third_Party/FreeRTOS/Source/queue.o
 .text.prvCopyDataToQueue
                0x08003e7e       0x76 Middlewares/Third_Party/FreeRTOS/Source/queue.o
 .text.prvCopyDataFromQueue
                0x08003ef4       0x24 Middlewares/Third_Party/FreeRTOS/Source/queue.o
 .text.prvUnlockQueue
                0x08003f18       0x6e Middlewares/Third_Party/FreeRTOS/Source/queue.o
 *fill*         0x08003f86        0x2 
 .text.xQueueGenericReset
                0x08003f88       0x80 Middlewares/Third_Party/FreeRTOS/Source/queue.o
                0x08003f88                xQueueGenericReset
 .text.prvInitialiseNewQueue
                0x08004008       0x1c Middlewares/Third_Party/FreeRTOS/Source/queue.o
 .text.xQueueGenericCreate
                0x08004024       0x48 Middlewares/Third_Party/FreeRTOS/Source/queue.o
                0x08004024                xQueueGenericCreate
 .text.xQueueGenericSend
                0x0800406c      0x188 Middlewares/Third_Party/FreeRTOS/Source/queue.o
                0x0800406c                xQueueGenericSend
 .text.xQueueGiveFromISR
                0x080041f4       0xbc Middlewares/Third_Party/FreeRTOS/Source/queue.o
                0x080041f4                xQueueGiveFromISR
 .text.xQueueGenericReceive
                0x080042b0      0x1b0 Middlewares/Third_Party/FreeRTOS/Source/queue.o
                0x080042b0                xQueueGenericReceive
 .text.xQueueReceiveFromISR
                0x08004460       0xb6 Middlewares/Third_Party/FreeRTOS/Source/queue.o
                0x08004460                xQueueReceiveFromISR
 *fill*         0x08004516        0x2 
 .text.prvResetNextTaskUnblockTime
                0x08004518       0x2c Middlewares/Third_Party/FreeRTOS/Source/tasks.o
 .text.prvDeleteTCB
                0x08004544       0x12 Middlewares/Third_Party/FreeRTOS/Source/tasks.o
 .text.prvInitialiseNewTask
                0x08004556       0x80 Middlewares/Third_Party/FreeRTOS/Source/tasks.o
 *fill*         0x080045d6        0x2 
 .text.prvInitialiseTaskLists
                0x080045d8       0x58 Middlewares/Third_Party/FreeRTOS/Source/tasks.o
 .text.prvAddNewTaskToReadyList
                0x08004630       0xac Middlewares/Third_Party/FreeRTOS/Source/tasks.o
 .text.prvAddCurrentTaskToDelayedList
                0x080046dc       0x88 Middlewares/Third_Party/FreeRTOS/Source/tasks.o
 .text.xTaskCreate
                0x08004764       0x62 Middlewares/Third_Party/FreeRTOS/Source/tasks.o
                0x08004764                xTaskCreate
 *fill*         0x080047c6        0x2 
 .text.vTaskStartScheduler
                0x080047c8       0x74 Middlewares/Third_Party/FreeRTOS/Source/tasks.o
                0x080047c8                vTaskStartScheduler
 .text.vTaskSuspendAll
                0x0800483c       0x14 Middlewares/Third_Party/FreeRTOS/Source/tasks.o
                0x0800483c                vTaskSuspendAll
 .text.xTaskIncrementTick
                0x08004850      0x114 Middlewares/Third_Party/FreeRTOS/Source/tasks.o
                0x08004850                xTaskIncrementTick
 .text.xTaskResumeAll
                0x08004964       0xf4 Middlewares/Third_Party/FreeRTOS/Source/tasks.o
                0x08004964                xTaskResumeAll
 .text.vTaskDelay
                0x08004a58       0x50 Middlewares/Third_Party/FreeRTOS/Source/tasks.o
                0x08004a58                vTaskDelay
 .text.prvCheckTasksWaitingTermination
                0x08004aa8       0x54 Middlewares/Third_Party/FreeRTOS/Source/tasks.o
 .text.prvIdleTask
                0x08004afc       0x28 Middlewares/Third_Party/FreeRTOS/Source/tasks.o
 .text.vTaskSwitchContext
                0x08004b24       0x90 Middlewares/Third_Party/FreeRTOS/Source/tasks.o
                0x08004b24                vTaskSwitchContext
 .text.vTaskPlaceOnEventList
                0x08004bb4       0x34 Middlewares/Third_Party/FreeRTOS/Source/tasks.o
                0x08004bb4                vTaskPlaceOnEventList
 .text.xTaskRemoveFromEventList
                0x08004be8       0x84 Middlewares/Third_Party/FreeRTOS/Source/tasks.o
                0x08004be8                xTaskRemoveFromEventList
 .text.vTaskSetTimeOutState
                0x08004c6c       0x28 Middlewares/Third_Party/FreeRTOS/Source/tasks.o
                0x08004c6c                vTaskSetTimeOutState
 .text.xTaskCheckForTimeOut
                0x08004c94       0x80 Middlewares/Third_Party/FreeRTOS/Source/tasks.o
                0x08004c94                xTaskCheckForTimeOut
 .text.vTaskMissedYield
                0x08004d14       0x10 Middlewares/Third_Party/FreeRTOS/Source/tasks.o
                0x08004d14                vTaskMissedYield
 .text.xTaskGetSchedulerState
                0x08004d24       0x20 Middlewares/Third_Party/FreeRTOS/Source/tasks.o
                0x08004d24                xTaskGetSchedulerState
 .text.vTaskPriorityInherit
                0x08004d44       0xb0 Middlewares/Third_Party/FreeRTOS/Source/tasks.o
                0x08004d44                vTaskPriorityInherit
 .text.xTaskPriorityDisinherit
                0x08004df4       0xb8 Middlewares/Third_Party/FreeRTOS/Source/tasks.o
                0x08004df4                xTaskPriorityDisinherit
 .text.pvTaskIncrementMutexHeldCount
                0x08004eac       0x20 Middlewares/Third_Party/FreeRTOS/Source/tasks.o
                0x08004eac                pvTaskIncrementMutexHeldCount
 .text.prvTaskExitError
                0x08004ecc       0x34 Middlewares/Third_Party/FreeRTOS/Source/portable/GCC/ARM_CM4F/port.o
 .text.prvPortStartFirstTask
                0x08004f00       0x20 Middlewares/Third_Party/FreeRTOS/Source/portable/GCC/ARM_CM4F/port.o
 .text.vPortEnableVFP
                0x08004f20       0x14 Middlewares/Third_Party/FreeRTOS/Source/portable/GCC/ARM_CM4F/port.o
 .text.pxPortInitialiseStack
                0x08004f34       0x2c Middlewares/Third_Party/FreeRTOS/Source/portable/GCC/ARM_CM4F/port.o
                0x08004f34                pxPortInitialiseStack
 .text.SVC_Handler
                0x08004f60       0x24 Middlewares/Third_Party/FreeRTOS/Source/portable/GCC/ARM_CM4F/port.o
                0x08004f60                SVC_Handler
 .text.vPortEnterCritical
                0x08004f84       0x44 Middlewares/Third_Party/FreeRTOS/Source/portable/GCC/ARM_CM4F/port.o
                0x08004f84                vPortEnterCritical
 .text.vPortExitCritical
                0x08004fc8       0x2c Middlewares/Third_Party/FreeRTOS/Source/portable/GCC/ARM_CM4F/port.o
                0x08004fc8                vPortExitCritical
 *fill*         0x08004ff4        0xc 
 .text.PendSV_Handler
                0x08005000       0x64 Middlewares/Third_Party/FreeRTOS/Source/portable/GCC/ARM_CM4F/port.o
                0x08005000                PendSV_Handler
 .text.xPortSysTickHandler
                0x08005064       0x2c Middlewares/Third_Party/FreeRTOS/Source/portable/GCC/ARM_CM4F/port.o
                0x08005064                xPortSysTickHandler
 .text.vPortSetupTimerInterrupt
                0x08005090       0x2c Middlewares/Third_Party/FreeRTOS/Source/portable/GCC/ARM_CM4F/port.o
                0x08005090                vPortSetupTimerInterrupt
 .text.xPortStartScheduler
                0x080050bc       0xe8 Middlewares/Third_Party/FreeRTOS/Source/portable/GCC/ARM_CM4F/port.o
                0x080050bc                xPortStartScheduler
 .text.vPortValidateInterruptPriority
                0x080051a4       0x58 Middlewares/Third_Party/FreeRTOS/Source/portable/GCC/ARM_CM4F/port.o
                0x080051a4                vPortValidateInterruptPriority
 .text.prvHeapInit
                0x080051fc       0x58 Middlewares/Third_Party/FreeRTOS/Source/portable/MemMang/heap_4.o
 .text.prvInsertBlockIntoFreeList
                0x08005254       0x58 Middlewares/Third_Party/FreeRTOS/Source/portable/MemMang/heap_4.o
 .text.pvPortMalloc
                0x080052ac      0x10c Middlewares/Third_Party/FreeRTOS/Source/portable/MemMang/heap_4.o
                0x080052ac                pvPortMalloc
 .text.vPortFree
                0x080053b8       0x70 Middlewares/Third_Party/FreeRTOS/Source/portable/MemMang/heap_4.o
                0x080053b8                vPortFree
 .text.circ_buff_push
                0x08005428       0x28 Middlewares/USART_Handler/src/circ_buffers.o
                0x08005428                circ_buff_push
 .text.circ_buff_pop
                0x08005450       0x26 Middlewares/USART_Handler/src/circ_buffers.o
                0x08005450                circ_buff_pop
 .text.circ_buff_reset
                0x08005476       0x16 Middlewares/USART_Handler/src/circ_buffers.o
                0x08005476                circ_buff_reset
 .text.circ_buff_write
                0x0800548c       0x26 Middlewares/USART_Handler/src/circ_buffers.o
                0x0800548c                circ_buff_write
 .text.uart_transmit
                0x080054b2       0xdc Middlewares/USART_Handler/src/usart_handler.o
 *fill*         0x0800558e        0x2 
 .text.uart_handle_errors
                0x08005590       0x1c Middlewares/USART_Handler/src/usart_handler.o
 .text.HAL_UART_TxCpltCallback
                0x080055ac        0x4 Middlewares/USART_Handler/src/usart_handler.o
                0x080055ac                HAL_UART_TxCpltCallback
 .text.uart_write
                0x080055b0        0x8 Middlewares/USART_Handler/src/usart_handler.o
                0x080055b0                uart_write
 .text.uart_receive_it
                0x080055b8       0x2c Middlewares/USART_Handler/src/usart_handler.o
                0x080055b8                uart_receive_it
 .text.uart_init
                0x080055e4       0x5e Middlewares/USART_Handler/src/usart_handler.o
                0x080055e4                uart_init
 .text.HAL_UART_ErrorCallback
                0x08005642       0x76 Middlewares/USART_Handler/src/usart_handler.o
                0x08005642                HAL_UART_ErrorCallback
 .text.HAL_UART_RxCpltCallback
                0x080056b8       0x1a Middlewares/USART_Handler/src/usart_handler.o
                0x080056b8                HAL_UART_RxCpltCallback
 *fill*         0x080056d2        0x2 
 .text.usb_ready
                0x080056d4       0x2c Middlewares/USB_CDC_Handler/src/usb_cdc_handler.o
                0x080056d4                usb_ready
 .text.usb_transmit
                0x08005700       0xb0 Middlewares/USB_CDC_Handler/src/usb_cdc_handler.o
 .text.usb_cdc_write
                0x080057b0       0x12 Middlewares/USB_CDC_Handler/src/usb_cdc_handler.o
                0x080057b0                usb_cdc_write
 *fill*         0x080057c2        0x2 
 .text.MX_CRC_Init
                0x080057c4       0x28 Src/crc.o
                0x080057c4                MX_CRC_Init
 .text.HAL_CRC_MspInit
                0x080057ec       0x30 Src/crc.o
                0x080057ec                HAL_CRC_MspInit
 .text.MX_DMA_Init
                0x0800581c       0x34 Src/dma.o
                0x0800581c                MX_DMA_Init
 .text.StartDefaultTask
                0x08005850        0xe Src/freertos.o
                0x08005850                StartDefaultTask
 *fill*         0x0800585e        0x2 
 .text.MX_FREERTOS_Init
                0x08005860       0x5c Src/freertos.o
                0x08005860                MX_FREERTOS_Init
 .text.MX_GPIO_Init
                0x080058bc       0xa0 Src/gpio.o
                0x080058bc                MX_GPIO_Init
 .text.HAL_TIM_PeriodElapsedCallback
                0x0800595c       0x18 Src/main.o
                0x0800595c                HAL_TIM_PeriodElapsedCallback
 .text._Error_Handler
                0x08005974        0x2 Src/main.o
                0x08005974                _Error_Handler
 *fill*         0x08005976        0x2 
 .text.SystemClock_Config
                0x08005978       0xc8 Src/main.o
                0x08005978                SystemClock_Config
 .text.main     0x08005a40       0x24 Src/main.o
                0x08005a40                main
 .text.HAL_MspInit
                0x08005a64       0x5e Src/stm32f4xx_hal_msp.o
                0x08005a64                HAL_MspInit
 *fill*         0x08005ac2        0x2 
 .text.HAL_InitTick
                0x08005ac4       0x78 Src/stm32f4xx_hal_timebase_TIM.o
                0x08005ac4                HAL_InitTick
 .text.SysTick_Handler
                0x08005b3c        0x8 Src/stm32f4xx_it.o
                0x08005b3c                SysTick_Handler
 .text.DMA1_Stream6_IRQHandler
                0x08005b44       0x10 Src/stm32f4xx_it.o
                0x08005b44                DMA1_Stream6_IRQHandler
 .text.TIM1_UP_TIM10_IRQHandler
                0x08005b54       0x10 Src/stm32f4xx_it.o
                0x08005b54                TIM1_UP_TIM10_IRQHandler
 .text.USART2_IRQHandler
                0x08005b64       0x10 Src/stm32f4xx_it.o
                0x08005b64                USART2_IRQHandler
 .text.OTG_FS_IRQHandler
                0x08005b74       0x2c Src/stm32f4xx_it.o
                0x08005b74                OTG_FS_IRQHandler
 .text.SystemInit
                0x08005ba0       0x4c Src/system_stm32f4xx.o
                0x08005ba0                SystemInit
 .text.MX_USART2_UART_Init
                0x08005bec       0x3c Src/usart.o
                0x08005bec                MX_USART2_UART_Init
 .text.HAL_UART_MspInit
                0x08005c28       0xa4 Src/usart.o
                0x08005c28                HAL_UART_MspInit
 .text.MX_USB_DEVICE_Init
                0x08005ccc       0x38 Src/usb_device.o
                0x08005ccc                MX_USB_DEVICE_Init
 .text.CDC_DeInit_FS
                0x08005d04        0x4 Src/usbd_cdc_if.o
 .text.CDC_Control_FS
                0x08005d08        0x4 Src/usbd_cdc_if.o
 .text.CDC_Receive_FS
                0x08005d0c       0x28 Src/usbd_cdc_if.o
 .text.CDC_Init_FS
                0x08005d34       0x28 Src/usbd_cdc_if.o
 .text.CDC_Transmit_FS
                0x08005d5c       0x2c Src/usbd_cdc_if.o
                0x08005d5c                CDC_Transmit_FS
 .text.HAL_PCD_MspInit
                0x08005d88       0x68 Src/usbd_conf.o
                0x08005d88                HAL_PCD_MspInit
 .text.HAL_PCD_SetupStageCallback
                0x08005df0       0x10 Src/usbd_conf.o
                0x08005df0                HAL_PCD_SetupStageCallback
 .text.HAL_PCD_DataOutStageCallback
                0x08005e00       0x18 Src/usbd_conf.o
                0x08005e00                HAL_PCD_DataOutStageCallback
 .text.HAL_PCD_DataInStageCallback
                0x08005e18       0x16 Src/usbd_conf.o
                0x08005e18                HAL_PCD_DataInStageCallback
 .text.HAL_PCD_SOFCallback
                0x08005e2e        0xc Src/usbd_conf.o
                0x08005e2e                HAL_PCD_SOFCallback
 .text.HAL_PCD_ResetCallback
                0x08005e3a       0x20 Src/usbd_conf.o
                0x08005e3a                HAL_PCD_ResetCallback
 *fill*         0x08005e5a        0x2 
 .text.HAL_PCD_SuspendCallback
                0x08005e5c       0x30 Src/usbd_conf.o
                0x08005e5c                HAL_PCD_SuspendCallback
 .text.HAL_PCD_ResumeCallback
                0x08005e8c        0xc Src/usbd_conf.o
                0x08005e8c                HAL_PCD_ResumeCallback
 .text.HAL_PCD_ISOOUTIncompleteCallback
                0x08005e98        0xc Src/usbd_conf.o
                0x08005e98                HAL_PCD_ISOOUTIncompleteCallback
 .text.HAL_PCD_ISOINIncompleteCallback
                0x08005ea4        0xc Src/usbd_conf.o
                0x08005ea4                HAL_PCD_ISOINIncompleteCallback
 .text.HAL_PCD_ConnectCallback
                0x08005eb0        0xc Src/usbd_conf.o
                0x08005eb0                HAL_PCD_ConnectCallback
 .text.HAL_PCD_DisconnectCallback
                0x08005ebc        0xc Src/usbd_conf.o
                0x08005ebc                HAL_PCD_DisconnectCallback
 .text.USBD_LL_Init
                0x08005ec8       0x74 Src/usbd_conf.o
                0x08005ec8                USBD_LL_Init
 .text.USBD_LL_Start
                0x08005f3c       0x1c Src/usbd_conf.o
                0x08005f3c                USBD_LL_Start
 .text.USBD_LL_OpenEP
                0x08005f58       0x22 Src/usbd_conf.o
                0x08005f58                USBD_LL_OpenEP
 .text.USBD_LL_CloseEP
                0x08005f7a       0x1c Src/usbd_conf.o
                0x08005f7a                USBD_LL_CloseEP
 .text.USBD_LL_StallEP
                0x08005f96       0x1c Src/usbd_conf.o
                0x08005f96                USBD_LL_StallEP
 .text.USBD_LL_ClearStallEP
                0x08005fb2       0x1c Src/usbd_conf.o
                0x08005fb2                USBD_LL_ClearStallEP
 .text.USBD_LL_IsStallEP
                0x08005fce       0x2e Src/usbd_conf.o
                0x08005fce                USBD_LL_IsStallEP
 .text.USBD_LL_SetUSBAddress
                0x08005ffc       0x1c Src/usbd_conf.o
                0x08005ffc                USBD_LL_SetUSBAddress
 .text.USBD_LL_Transmit
                0x08006018       0x1c Src/usbd_conf.o
                0x08006018                USBD_LL_Transmit
 .text.USBD_LL_PrepareReceive
                0x08006034       0x1c Src/usbd_conf.o
                0x08006034                USBD_LL_PrepareReceive
 .text.USBD_LL_GetRxDataSize
                0x08006050        0xc Src/usbd_conf.o
                0x08006050                USBD_LL_GetRxDataSize
 .text.USBD_FS_DeviceDescriptor
                0x0800605c        0xc Src/usbd_desc.o
                0x0800605c                USBD_FS_DeviceDescriptor
 .text.USBD_FS_LangIDStrDescriptor
                0x08006068        0xc Src/usbd_desc.o
                0x08006068                USBD_FS_LangIDStrDescriptor
 .text.USBD_FS_ProductStrDescriptor
                0x08006074       0x24 Src/usbd_desc.o
                0x08006074                USBD_FS_ProductStrDescriptor
 .text.USBD_FS_ManufacturerStrDescriptor
                0x08006098       0x1c Src/usbd_desc.o
                0x08006098                USBD_FS_ManufacturerStrDescriptor
 .text.USBD_FS_SerialStrDescriptor
                0x080060b4       0x24 Src/usbd_desc.o
                0x080060b4                USBD_FS_SerialStrDescriptor
 .text.USBD_FS_ConfigStrDescriptor
                0x080060d8       0x24 Src/usbd_desc.o
                0x080060d8                USBD_FS_ConfigStrDescriptor
 .text.USBD_FS_InterfaceStrDescriptor
                0x080060fc       0x24 Src/usbd_desc.o
                0x080060fc                USBD_FS_InterfaceStrDescriptor
 .text.echo_command
                0x08006120       0x10 cmd_parser/src/cmd_parser.o
 .text.cmd_parser_reset
                0x08006130       0x1c cmd_parser/src/cmd_parser.o
 .text.cmd_parser_callback_register
                0x0800614c        0xc cmd_parser/src/cmd_parser.o
                0x0800614c                cmd_parser_callback_register
 .text.cmd_parser_setup
                0x08006158       0x48 cmd_parser/src/cmd_parser.o
                0x08006158                cmd_parser_setup
 .text.cmd_parser_loop
                0x080061a0       0xcc cmd_parser/src/cmd_parser.o
                0x080061a0                cmd_parser_loop
 .text.start_cmd_parser_task
                0x0800626c       0x18 cmd_parser/src/cmd_parser.o
                0x0800626c                start_cmd_parser_task
 .text.cli_init
                0x08006284       0x20 console/src/console.o
                0x08006284                cli_init
 .text.cli_data_enqueue
                0x080062a4       0x1c console/src/console.o
                0x080062a4                cli_data_enqueue
 .text.cli_data_uart_callback
                0x080062c0       0x2c console/src/console.o
                0x080062c0                cli_data_uart_callback
 .text.cli_data_dequeue
                0x080062ec       0x38 console/src/console.o
                0x080062ec                cli_data_dequeue
 .text.cli_debug_enabled
                0x08006324        0xc console/src/console.o
                0x08006324                cli_debug_enabled
 .text.cli_write
                0x08006330       0x2c console/src/console.o
                0x08006330                cli_write
 .text.cli_print
                0x0800635c       0x18 console/src/console.o
                0x0800635c                cli_print
 .text.cli_print_cursor
                0x08006374       0x10 console/src/console.o
                0x08006374                cli_print_cursor
 .text.cli_println
                0x08006384       0x18 console/src/console.o
                0x08006384                cli_println
 .text.cli_print_header
                0x0800639c       0xbc console/src/console.o
                0x0800639c                cli_print_header
 .text.cli_varg_printf
                0x08006458       0x24 console/src/console.o
 .text.cli_printf
                0x0800647c       0x1c console/src/console.o
                0x0800647c                cli_printf
 .text.cli_printfln
                0x08006498       0x2c console/src/console.o
                0x08006498                cli_printfln
 .text.ulli2a   0x080064c4       0xbc console/src/sprintf.o
 .text.lli2a    0x08006580       0x1c console/src/sprintf.o
 .text.uli2a    0x0800659c       0x5a console/src/sprintf.o
 .text.li2a     0x080065f6       0x14 console/src/sprintf.o
 .text.ui2a     0x0800660a       0x5a console/src/sprintf.o
 .text.i2a      0x08006664       0x14 console/src/sprintf.o
 .text.a2d      0x08006678       0x30 console/src/sprintf.o
 .text.a2u      0x080066a8       0x36 console/src/sprintf.o
 .text.putchw   0x080066de       0xec console/src/sprintf.o
 .text._vsnprintf_putcf
                0x080067ca       0x1e console/src/sprintf.o
 .text.tfp_format
                0x080067e8      0x292 console/src/sprintf.o
                0x080067e8                tfp_format
 *fill*         0x08006a7a        0x2 
 .text.tfp_vsnprintf
                0x08006a7c       0x40 console/src/sprintf.o
                0x08006a7c                tfp_vsnprintf
 .text.Reset_Handler
                0x08006abc       0x50 startup/startup_stm32f401xe.o
                0x08006abc                Reset_Handler
 .text.Default_Handler
                0x08006b0c        0x2 startup/startup_stm32f401xe.o
                0x08006b0c                RTC_Alarm_IRQHandler
                0x08006b0c                EXTI2_IRQHandler
                0x08006b0c                DebugMon_Handler
                0x08006b0c                SPI4_IRQHandler
                0x08006b0c                TIM1_CC_IRQHandler
                0x08006b0c                DMA2_Stream5_IRQHandler
                0x08006b0c                HardFault_Handler
                0x08006b0c                DMA1_Stream5_IRQHandler
                0x08006b0c                PVD_IRQHandler
                0x08006b0c                SDIO_IRQHandler
                0x08006b0c                TAMP_STAMP_IRQHandler
                0x08006b0c                NMI_Handler
                0x08006b0c                EXTI3_IRQHandler
                0x08006b0c                I2C3_ER_IRQHandler
                0x08006b0c                EXTI0_IRQHandler
                0x08006b0c                I2C2_EV_IRQHandler
                0x08006b0c                DMA1_Stream2_IRQHandler
                0x08006b0c                FPU_IRQHandler
                0x08006b0c                UsageFault_Handler
                0x08006b0c                DMA2_Stream2_IRQHandler
                0x08006b0c                SPI1_IRQHandler
                0x08006b0c                TIM1_BRK_TIM9_IRQHandler
                0x08006b0c                DMA2_Stream3_IRQHandler
                0x08006b0c                USART6_IRQHandler
                0x08006b0c                DMA2_Stream0_IRQHandler
                0x08006b0c                TIM4_IRQHandler
                0x08006b0c                I2C1_EV_IRQHandler
                0x08006b0c                DMA1_Stream1_IRQHandler
                0x08006b0c                TIM3_IRQHandler
                0x08006b0c                RCC_IRQHandler
                0x08006b0c                Default_Handler
                0x08006b0c                EXTI15_10_IRQHandler
                0x08006b0c                ADC_IRQHandler
                0x08006b0c                DMA1_Stream7_IRQHandler
                0x08006b0c                TIM5_IRQHandler
                0x08006b0c                DMA2_Stream7_IRQHandler
                0x08006b0c                I2C3_EV_IRQHandler
                0x08006b0c                EXTI9_5_IRQHandler
                0x08006b0c                RTC_WKUP_IRQHandler
                0x08006b0c                SPI2_IRQHandler
                0x08006b0c                MemManage_Handler
                0x08006b0c                DMA1_Stream0_IRQHandler
                0x08006b0c                EXTI4_IRQHandler
                0x08006b0c                WWDG_IRQHandler
                0x08006b0c                TIM2_IRQHandler
                0x08006b0c                OTG_FS_WKUP_IRQHandler
                0x08006b0c                TIM1_TRG_COM_TIM11_IRQHandler
                0x08006b0c                EXTI1_IRQHandler
                0x08006b0c                I2C2_ER_IRQHandler
                0x08006b0c                DMA2_Stream1_IRQHandler
                0x08006b0c                FLASH_IRQHandler
                0x08006b0c                DMA2_Stream4_IRQHandler
                0x08006b0c                BusFault_Handler
                0x08006b0c                USART1_IRQHandler
                0x08006b0c                SPI3_IRQHandler
                0x08006b0c                DMA1_Stream4_IRQHandler
                0x08006b0c                I2C1_ER_IRQHandler
                0x08006b0c                DMA2_Stream6_IRQHandler
                0x08006b0c                DMA1_Stream3_IRQHandler
 *fill*         0x08006b0e        0x2 
 .text.__libc_init_array
                0x08006b10       0x48 c:/ac6/systemworkbench/plugins/fr.ac6.mcu.externaltools.arm-none.win32_1.15.0.201708311556/tools/compiler/bin/../lib/gcc/arm-none-eabi/6.3.1/../../../../arm-none-eabi/lib/thumb/v7e-m/fpv4-sp/hard\libc_nano.a(lib_a-init.o)
                0x08006b10                __libc_init_array
 .text.malloc   0x08006b58       0x10 c:/ac6/systemworkbench/plugins/fr.ac6.mcu.externaltools.arm-none.win32_1.15.0.201708311556/tools/compiler/bin/../lib/gcc/arm-none-eabi/6.3.1/../../../../arm-none-eabi/lib/thumb/v7e-m/fpv4-sp/hard\libc_nano.a(lib_a-malloc.o)
                0x08006b58                malloc
 .text.free     0x08006b68       0x10 c:/ac6/systemworkbench/plugins/fr.ac6.mcu.externaltools.arm-none.win32_1.15.0.201708311556/tools/compiler/bin/../lib/gcc/arm-none-eabi/6.3.1/../../../../arm-none-eabi/lib/thumb/v7e-m/fpv4-sp/hard\libc_nano.a(lib_a-malloc.o)
                0x08006b68                free
 .text.memcpy   0x08006b78       0x16 c:/ac6/systemworkbench/plugins/fr.ac6.mcu.externaltools.arm-none.win32_1.15.0.201708311556/tools/compiler/bin/../lib/gcc/arm-none-eabi/6.3.1/../../../../arm-none-eabi/lib/thumb/v7e-m/fpv4-sp/hard\libc_nano.a(lib_a-memcpy-stub.o)
                0x08006b78                memcpy
 .text.memset   0x08006b8e       0x10 c:/ac6/systemworkbench/plugins/fr.ac6.mcu.externaltools.arm-none.win32_1.15.0.201708311556/tools/compiler/bin/../lib/gcc/arm-none-eabi/6.3.1/../../../../arm-none-eabi/lib/thumb/v7e-m/fpv4-sp/hard\libc_nano.a(lib_a-memset.o)
                0x08006b8e                memset
 *fill*         0x08006b9e        0x2 
 .text._free_r  0x08006ba0       0x9c c:/ac6/systemworkbench/plugins/fr.ac6.mcu.externaltools.arm-none.win32_1.15.0.201708311556/tools/compiler/bin/../lib/gcc/arm-none-eabi/6.3.1/../../../../arm-none-eabi/lib/thumb/v7e-m/fpv4-sp/hard\libc_nano.a(lib_a-nano-freer.o)
                0x08006ba0                _free_r
 .text._malloc_r
                0x08006c3c       0xbc c:/ac6/systemworkbench/plugins/fr.ac6.mcu.externaltools.arm-none.win32_1.15.0.201708311556/tools/compiler/bin/../lib/gcc/arm-none-eabi/6.3.1/../../../../arm-none-eabi/lib/thumb/v7e-m/fpv4-sp/hard\libc_nano.a(lib_a-nano-mallocr.o)
                0x08006c3c                _malloc_r
 .text._sbrk_r  0x08006cf8       0x20 c:/ac6/systemworkbench/plugins/fr.ac6.mcu.externaltools.arm-none.win32_1.15.0.201708311556/tools/compiler/bin/../lib/gcc/arm-none-eabi/6.3.1/../../../../arm-none-eabi/lib/thumb/v7e-m/fpv4-sp/hard\libc_nano.a(lib_a-sbrkr.o)
                0x08006cf8                _sbrk_r
 .text.__malloc_lock
                0x08006d18        0x2 c:/ac6/systemworkbench/plugins/fr.ac6.mcu.externaltools.arm-none.win32_1.15.0.201708311556/tools/compiler/bin/../lib/gcc/arm-none-eabi/6.3.1/../../../../arm-none-eabi/lib/thumb/v7e-m/fpv4-sp/hard\libc_nano.a(lib_a-mlock.o)
                0x08006d18                __malloc_lock
 .text.__malloc_unlock
                0x08006d1a        0x2 c:/ac6/systemworkbench/plugins/fr.ac6.mcu.externaltools.arm-none.win32_1.15.0.201708311556/tools/compiler/bin/../lib/gcc/arm-none-eabi/6.3.1/../../../../arm-none-eabi/lib/thumb/v7e-m/fpv4-sp/hard\libc_nano.a(lib_a-mlock.o)
                0x08006d1a                __malloc_unlock
 .text._sbrk    0x08006d1c       0x1c c:/ac6/systemworkbench/plugins/fr.ac6.mcu.externaltools.arm-none.win32_1.15.0.201708311556/tools/compiler/bin/../lib/gcc/arm-none-eabi/6.3.1/../../../../arm-none-eabi/lib/thumb/v7e-m/fpv4-sp/hard\libnosys.a(sbrk.o)
                0x08006d1c                _sbrk
 *(.glue_7)
 .glue_7        0x08006d38        0x0 linker stubs
 *(.glue_7t)
 .glue_7t       0x08006d38        0x0 linker stubs
 *(.eh_frame)
 .eh_frame      0x08006d38        0x0 c:/ac6/systemworkbench/plugins/fr.ac6.mcu.externaltools.arm-none.win32_1.15.0.201708311556/tools/compiler/bin/../lib/gcc/arm-none-eabi/6.3.1/thumb/v7e-m/fpv4-sp/hard/crtbegin.o
 *(.init)
 .init          0x08006d38        0x4 c:/ac6/systemworkbench/plugins/fr.ac6.mcu.externaltools.arm-none.win32_1.15.0.201708311556/tools/compiler/bin/../lib/gcc/arm-none-eabi/6.3.1/thumb/v7e-m/fpv4-sp/hard/crti.o
                0x08006d38                _init
 .init          0x08006d3c        0x8 c:/ac6/systemworkbench/plugins/fr.ac6.mcu.externaltools.arm-none.win32_1.15.0.201708311556/tools/compiler/bin/../lib/gcc/arm-none-eabi/6.3.1/thumb/v7e-m/fpv4-sp/hard/crtn.o
 *(.fini)
 .fini          0x08006d44        0x4 c:/ac6/systemworkbench/plugins/fr.ac6.mcu.externaltools.arm-none.win32_1.15.0.201708311556/tools/compiler/bin/../lib/gcc/arm-none-eabi/6.3.1/thumb/v7e-m/fpv4-sp/hard/crti.o
                0x08006d44                _fini
 .fini          0x08006d48        0x8 c:/ac6/systemworkbench/plugins/fr.ac6.mcu.externaltools.arm-none.win32_1.15.0.201708311556/tools/compiler/bin/../lib/gcc/arm-none-eabi/6.3.1/thumb/v7e-m/fpv4-sp/hard/crtn.o
                0x08006d50                . = ALIGN (0x4)
                0x08006d50                _etext = .

.vfp11_veneer   0x08006d50        0x0
 .vfp11_veneer  0x08006d50        0x0 linker stubs

.v4_bx          0x08006d50        0x0
 .v4_bx         0x08006d50        0x0 linker stubs

.iplt           0x08006d50        0x0
 .iplt          0x08006d50        0x0 c:/ac6/systemworkbench/plugins/fr.ac6.mcu.externaltools.arm-none.win32_1.15.0.201708311556/tools/compiler/bin/../lib/gcc/arm-none-eabi/6.3.1/thumb/v7e-m/fpv4-sp/hard/crtbegin.o

.rodata         0x08006d50      0x148
                0x08006d50                . = ALIGN (0x4)
 *(.rodata)
 .rodata        0x08006d50        0x8 Drivers/STM32F4xx_HAL_Driver/Src/stm32f4xx_hal_dma.o
 .rodata        0x08006d58       0x28 Src/freertos.o
 .rodata        0x08006d80       0x18 Src/system_stm32f4xx.o
                0x08006d80                AHBPrescTable
                0x08006d90                APBPrescTable
 *(.rodata*)
 .rodata.str1.4
                0x08006d98        0x5 Middlewares/Third_Party/FreeRTOS/Source/tasks.o
 *fill*         0x08006d9d        0x3 
 .rodata.str1.4
                0x08006da0        0xd Src/crc.o
 *fill*         0x08006dad        0x3 
 .rodata.str1.4
                0x08006db0       0x18 Src/freertos.o
 .rodata.str1.4
                0x08006dc8        0xe Src/main.o
 *fill*         0x08006dd6        0x2 
 .rodata.str1.4
                0x08006dd8        0xf Src/usart.o
 *fill*         0x08006de7        0x1 
 .rodata.str1.4
                0x08006de8       0x13 Src/usbd_conf.o
 *fill*         0x08006dfb        0x1 
 .rodata.str1.4
                0x08006dfc       0x56 Src/usbd_desc.o
 *fill*         0x08006e52        0x2 
 .rodata.str1.4
                0x08006e54       0x2c cmd_parser/src/cmd_parser.o
 .rodata.str1.4
                0x08006e80       0x18 console/src/console.o
                                 0x19 (size before relaxing)
                0x08006e98                . = ALIGN (0x4)

.ARM.extab
 *(.ARM.extab* .gnu.linkonce.armextab.*)

.ARM            0x08006e98        0x8
                0x08006e98                __exidx_start = .
 *(.ARM.exidx*)
 .ARM.exidx     0x08006e98        0x8 c:/ac6/systemworkbench/plugins/fr.ac6.mcu.externaltools.arm-none.win32_1.15.0.201708311556/tools/compiler/bin/../lib/gcc/arm-none-eabi/6.3.1/thumb/v7e-m/fpv4-sp/hard\libgcc.a(_udivmoddi4.o)
                0x08006ea0                __exidx_end = .

.rel.dyn        0x08006ea0        0x0
 .rel.iplt      0x08006ea0        0x0 c:/ac6/systemworkbench/plugins/fr.ac6.mcu.externaltools.arm-none.win32_1.15.0.201708311556/tools/compiler/bin/../lib/gcc/arm-none-eabi/6.3.1/thumb/v7e-m/fpv4-sp/hard/crtbegin.o

.preinit_array  0x08006ea0        0x0
                0x08006ea0                PROVIDE (__preinit_array_start, .)
 *(.preinit_array*)
                0x08006ea0                PROVIDE (__preinit_array_end, .)

.init_array     0x08006ea0        0x4
                0x08006ea0                PROVIDE (__init_array_start, .)
 *(SORT(.init_array.*))
 *(.init_array*)
 .init_array    0x08006ea0        0x4 c:/ac6/systemworkbench/plugins/fr.ac6.mcu.externaltools.arm-none.win32_1.15.0.201708311556/tools/compiler/bin/../lib/gcc/arm-none-eabi/6.3.1/thumb/v7e-m/fpv4-sp/hard/crtbegin.o
                0x08006ea4                PROVIDE (__init_array_end, .)

.fini_array     0x08006ea4        0x4
                [!provide]                PROVIDE (__fini_array_start, .)
 *(SORT(.fini_array.*))
 *(.fini_array*)
 .fini_array    0x08006ea4        0x4 c:/ac6/systemworkbench/plugins/fr.ac6.mcu.externaltools.arm-none.win32_1.15.0.201708311556/tools/compiler/bin/../lib/gcc/arm-none-eabi/6.3.1/thumb/v7e-m/fpv4-sp/hard/crtbegin.o
                [!provide]                PROVIDE (__fini_array_end, .)
                0x08006ea8                _sidata = LOADADDR (.data)

.data           0x20000000      0x1d8 load address 0x08006ea8
                0x20000000                . = ALIGN (0x4)
                0x20000000                _sdata = .
 *(.data)
 .data          0x20000000        0x8 Drivers/STM32F4xx_HAL_Driver/Src/stm32f4xx_hal.o
                0x20000000                uwTickFreq
                0x20000004                uwTickPrio
 .data          0x20000008      0x110 Middlewares/ST/STM32_USB_Device_Library/Class/CDC/Src/usbd_cdc.o
                0x20000008                USBD_CDC_CfgFSDesc
                0x2000004c                USBD_CDC_CfgHSDesc
                0x20000090                USBD_CDC_OtherSpeedCfgDesc
                0x200000e0                USBD_CDC
 .data          0x20000118        0x4 Middlewares/Third_Party/FreeRTOS/Source/portable/GCC/ARM_CM4F/port.o
 .data          0x2000011c        0x4 Src/system_stm32f4xx.o
                0x2000011c                SystemCoreClock
 .data          0x20000120       0x10 Src/usbd_cdc_if.o
                0x20000120                USBD_Interface_fops_FS
 .data          0x20000130       0x34 Src/usbd_desc.o
                0x20000130                USBD_FS_DeviceDesc
                0x20000144                USBD_LangIDDesc
                0x20000148                FS_Desc
 .data          0x20000164        0xd console/src/console.o
 *(.data*)
 *fill*         0x20000171        0x3 
 .data._impure_ptr
                0x20000174        0x4 c:/ac6/systemworkbench/plugins/fr.ac6.mcu.externaltools.arm-none.win32_1.15.0.201708311556/tools/compiler/bin/../lib/gcc/arm-none-eabi/6.3.1/../../../../arm-none-eabi/lib/thumb/v7e-m/fpv4-sp/hard\libc_nano.a(lib_a-impure.o)
                0x20000174                _impure_ptr
 .data.impure_data
                0x20000178       0x60 c:/ac6/systemworkbench/plugins/fr.ac6.mcu.externaltools.arm-none.win32_1.15.0.201708311556/tools/compiler/bin/../lib/gcc/arm-none-eabi/6.3.1/../../../../arm-none-eabi/lib/thumb/v7e-m/fpv4-sp/hard\libc_nano.a(lib_a-impure.o)
                0x200001d8                . = ALIGN (0x4)
                0x200001d8                _edata = .

.jcr            0x200001d8        0x0 load address 0x08007080
 .jcr           0x200001d8        0x0 c:/ac6/systemworkbench/plugins/fr.ac6.mcu.externaltools.arm-none.win32_1.15.0.201708311556/tools/compiler/bin/../lib/gcc/arm-none-eabi/6.3.1/thumb/v7e-m/fpv4-sp/hard/crtbegin.o

.igot.plt       0x200001d8        0x0 load address 0x08007080
 .igot.plt      0x200001d8        0x0 c:/ac6/systemworkbench/plugins/fr.ac6.mcu.externaltools.arm-none.win32_1.15.0.201708311556/tools/compiler/bin/../lib/gcc/arm-none-eabi/6.3.1/thumb/v7e-m/fpv4-sp/hard/crtbegin.o
                0x200001d8                . = ALIGN (0x4)

.bss            0x200001d8     0x60ac load address 0x08007080
                0x200001d8                _sbss = .
                0x200001d8                __bss_start__ = _sbss
 *(.bss)
 .bss           0x200001d8       0x1c c:/ac6/systemworkbench/plugins/fr.ac6.mcu.externaltools.arm-none.win32_1.15.0.201708311556/tools/compiler/bin/../lib/gcc/arm-none-eabi/6.3.1/thumb/v7e-m/fpv4-sp/hard/crtbegin.o
 .bss           0x200001f4        0x1 Middlewares/ST/STM32_USB_Device_Library/Class/CDC/Src/usbd_cdc.o
 .bss           0x200001f5        0x1 Middlewares/ST/STM32_USB_Device_Library/Core/Src/usbd_ctlreq.o
 *fill*         0x200001f6        0x2 
 .bss           0x200001f8      0x12c Middlewares/Third_Party/FreeRTOS/Source/tasks.o
                0x200002f8                pxCurrentTCB
 .bss           0x20000324        0x8 Middlewares/Third_Party/FreeRTOS/Source/portable/GCC/ARM_CM4F/port.o
 .bss           0x2000032c     0x3c18 Middlewares/Third_Party/FreeRTOS/Source/portable/MemMang/heap_4.o
 .bss           0x20003f44        0xc Middlewares/USART_Handler/src/usart_handler.o
                0x20003f44                error_scratchpad
 .bss           0x20003f50       0x14 Middlewares/USB_CDC_Handler/src/usb_cdc_handler.o
                0x20003f50                usbtx_nordy
                0x20003f54                usbsem_accept
                0x20003f58                usbtx_reject1
                0x20003f5c                usbtx_reject2
                0x20003f60                usbsem_timeout
 .bss           0x20003f64      0x208 cmd_parser/src/cmd_parser.o
 *(.bss*)
 .bss.__malloc_free_list
                0x2000416c        0x4 c:/ac6/systemworkbench/plugins/fr.ac6.mcu.externaltools.arm-none.win32_1.15.0.201708311556/tools/compiler/bin/../lib/gcc/arm-none-eabi/6.3.1/../../../../arm-none-eabi/lib/thumb/v7e-m/fpv4-sp/hard\libc_nano.a(lib_a-nano-mallocr.o)
                0x2000416c                __malloc_free_list
 .bss.__malloc_sbrk_start
                0x20004170        0x4 c:/ac6/systemworkbench/plugins/fr.ac6.mcu.externaltools.arm-none.win32_1.15.0.201708311556/tools/compiler/bin/../lib/gcc/arm-none-eabi/6.3.1/../../../../arm-none-eabi/lib/thumb/v7e-m/fpv4-sp/hard\libc_nano.a(lib_a-nano-mallocr.o)
                0x20004170                __malloc_sbrk_start
 .bss.heap_end.5239
                0x20004174        0x4 c:/ac6/systemworkbench/plugins/fr.ac6.mcu.externaltools.arm-none.win32_1.15.0.201708311556/tools/compiler/bin/../lib/gcc/arm-none-eabi/6.3.1/../../../../arm-none-eabi/lib/thumb/v7e-m/fpv4-sp/hard\libnosys.a(sbrk.o)
 *(COMMON)
 COMMON         0x20004178        0x4 Drivers/STM32F4xx_HAL_Driver/Src/stm32f4xx_hal.o
                0x20004178                uwTick
 COMMON         0x2000417c      0x200 Middlewares/USB_CDC_Handler/src/usb_cdc_handler.o
                0x2000417c                txholdbuf
 COMMON         0x2000437c        0x8 Src/crc.o
                0x2000437c                hcrc
 COMMON         0x20004384        0xc Src/freertos.o
                0x20004384                defaultTaskHandle
                0x20004388                cmd_parserHandle
                0x2000438c                usbTxSemaphoreHandle
 COMMON         0x20004390       0x3c Src/stm32f4xx_hal_timebase_TIM.o
                0x20004390                htim1
 COMMON         0x200043cc       0xa0 Src/usart.o
                0x200043cc                hdma_usart2_tx
                0x2000442c                huart2
 COMMON         0x2000446c      0x224 Src/usb_device.o
                0x2000446c                hUsbDeviceFS
 COMMON         0x20004690     0x1000 Src/usbd_cdc_if.o
                0x20004690                UserRxBufferFS
                0x20004e90                UserTxBufferFS
 COMMON         0x20005690      0x3f0 Src/usbd_conf.o
                0x20005690                hpcd_USB_OTG_FS
 COMMON         0x20005a80      0x200 Src/usbd_desc.o
                0x20005a80                USBD_StrDesc
 COMMON         0x20005c80      0x600 console/src/console.o
                0x20005c80                cli_fmt_buffer
                0x20005e80                cli_cir_buffer_space
 COMMON         0x20006280        0x4 c:/ac6/systemworkbench/plugins/fr.ac6.mcu.externaltools.arm-none.win32_1.15.0.201708311556/tools/compiler/bin/../lib/gcc/arm-none-eabi/6.3.1/../../../../arm-none-eabi/lib/thumb/v7e-m/fpv4-sp/hard\libc_nano.a(lib_a-reent.o)
                0x20006280                errno
                0x20006284                . = ALIGN (0x4)
                0x20006284                _ebss = .
                0x20006284                __bss_end__ = _ebss

._user_heap_stack
                0x20006284      0x604 load address 0x08007080
                0x20006288                . = ALIGN (0x8)
 *fill*         0x20006284        0x4 
                0x20006288                PROVIDE (end, .)
                [!provide]                PROVIDE (_end, .)
                0x20006488                . = (. + _Min_Heap_Size)
 *fill*         0x20006288      0x200 
                0x20006888                . = (. + _Min_Stack_Size)
 *fill*         0x20006488      0x400 
                0x20006888                . = ALIGN (0x8)

/DISCARD/
 libc.a(*)
 libm.a(*)
 libgcc.a(*)

.ARM.attributes
                0x00000000       0x30
 *(.ARM.attributes)
 .ARM.attributes
                0x00000000       0x22 c:/ac6/systemworkbench/plugins/fr.ac6.mcu.externaltools.arm-none.win32_1.15.0.201708311556/tools/compiler/bin/../lib/gcc/arm-none-eabi/6.3.1/thumb/v7e-m/fpv4-sp/hard/crti.o
 .ARM.attributes
                0x00000022       0x34 c:/ac6/systemworkbench/plugins/fr.ac6.mcu.externaltools.arm-none.win32_1.15.0.201708311556/tools/compiler/bin/../lib/gcc/arm-none-eabi/6.3.1/thumb/v7e-m/fpv4-sp/hard/crtbegin.o
 .ARM.attributes
                0x00000056       0x39 Drivers/STM32F4xx_HAL_Driver/Src/stm32f4xx_hal.o
 .ARM.attributes
                0x0000008f       0x39 Drivers/STM32F4xx_HAL_Driver/Src/stm32f4xx_hal_cortex.o
 .ARM.attributes
                0x000000c8       0x39 Drivers/STM32F4xx_HAL_Driver/Src/stm32f4xx_hal_crc.o
 .ARM.attributes
                0x00000101       0x39 Drivers/STM32F4xx_HAL_Driver/Src/stm32f4xx_hal_dma.o
 .ARM.attributes
                0x0000013a       0x39 Drivers/STM32F4xx_HAL_Driver/Src/stm32f4xx_hal_gpio.o
 .ARM.attributes
                0x00000173       0x39 Drivers/STM32F4xx_HAL_Driver/Src/stm32f4xx_hal_pcd.o
 .ARM.attributes
                0x000001ac       0x39 Drivers/STM32F4xx_HAL_Driver/Src/stm32f4xx_hal_pcd_ex.o
 .ARM.attributes
                0x000001e5       0x39 Drivers/STM32F4xx_HAL_Driver/Src/stm32f4xx_hal_rcc.o
 .ARM.attributes
                0x0000021e       0x39 Drivers/STM32F4xx_HAL_Driver/Src/stm32f4xx_hal_tim.o
 .ARM.attributes
                0x00000257       0x39 Drivers/STM32F4xx_HAL_Driver/Src/stm32f4xx_hal_tim_ex.o
 .ARM.attributes
                0x00000290       0x39 Drivers/STM32F4xx_HAL_Driver/Src/stm32f4xx_hal_uart.o
 .ARM.attributes
                0x000002c9       0x39 Drivers/STM32F4xx_HAL_Driver/Src/stm32f4xx_ll_usb.o
 .ARM.attributes
                0x00000302       0x39 Middlewares/ST/STM32_USB_Device_Library/Class/CDC/Src/usbd_cdc.o
 .ARM.attributes
                0x0000033b       0x39 Middlewares/ST/STM32_USB_Device_Library/Core/Src/usbd_core.o
 .ARM.attributes
                0x00000374       0x39 Middlewares/ST/STM32_USB_Device_Library/Core/Src/usbd_ctlreq.o
 .ARM.attributes
                0x000003ad       0x39 Middlewares/ST/STM32_USB_Device_Library/Core/Src/usbd_ioreq.o
 .ARM.attributes
                0x000003e6       0x39 Middlewares/Third_Party/FreeRTOS/Source/CMSIS_RTOS/cmsis_os.o
 .ARM.attributes
                0x0000041f       0x39 Middlewares/Third_Party/FreeRTOS/Source/list.o
 .ARM.attributes
                0x00000458       0x39 Middlewares/Third_Party/FreeRTOS/Source/queue.o
 .ARM.attributes
                0x00000491       0x39 Middlewares/Third_Party/FreeRTOS/Source/tasks.o
 .ARM.attributes
                0x000004ca       0x39 Middlewares/Third_Party/FreeRTOS/Source/portable/GCC/ARM_CM4F/port.o
 .ARM.attributes
                0x00000503       0x39 Middlewares/Third_Party/FreeRTOS/Source/portable/MemMang/heap_4.o
 .ARM.attributes
                0x0000053c       0x39 Middlewares/USART_Handler/src/circ_buffers.o
 .ARM.attributes
                0x00000575       0x39 Middlewares/USART_Handler/src/usart_handler.o
 .ARM.attributes
                0x000005ae       0x39 Middlewares/USB_CDC_Handler/src/usb_cdc_handler.o
 .ARM.attributes
                0x000005e7       0x39 Src/crc.o
 .ARM.attributes
                0x00000620       0x39 Src/dma.o
 .ARM.attributes
                0x00000659       0x39 Src/freertos.o
 .ARM.attributes
                0x00000692       0x39 Src/gpio.o
 .ARM.attributes
                0x000006cb       0x39 Src/main.o
 .ARM.attributes
                0x00000704       0x39 Src/stm32f4xx_hal_msp.o
 .ARM.attributes
                0x0000073d       0x39 Src/stm32f4xx_hal_timebase_TIM.o
 .ARM.attributes
                0x00000776       0x39 Src/stm32f4xx_it.o
 .ARM.attributes
                0x000007af       0x39 Src/system_stm32f4xx.o
 .ARM.attributes
                0x000007e8       0x39 Src/usart.o
 .ARM.attributes
                0x00000821       0x39 Src/usb_device.o
 .ARM.attributes
                0x0000085a       0x39 Src/usbd_cdc_if.o
 .ARM.attributes
                0x00000893       0x39 Src/usbd_conf.o
 .ARM.attributes
                0x000008cc       0x39 Src/usbd_desc.o
 .ARM.attributes
                0x00000905       0x39 cmd_parser/src/cmd_parser.o
 .ARM.attributes
                0x0000093e       0x39 console/src/console.o
 .ARM.attributes
                0x00000977       0x39 console/src/sprintf.o
 .ARM.attributes
                0x000009b0       0x21 startup/startup_stm32f401xe.o
 .ARM.attributes
                0x000009d1       0x22 c:/ac6/systemworkbench/plugins/fr.ac6.mcu.externaltools.arm-none.win32_1.15.0.201708311556/tools/compiler/bin/../lib/gcc/arm-none-eabi/6.3.1/thumb/v7e-m/fpv4-sp/hard\libgcc.a(_aeabi_uldivmod.o)
 .ARM.attributes
                0x000009f3       0x34 c:/ac6/systemworkbench/plugins/fr.ac6.mcu.externaltools.arm-none.win32_1.15.0.201708311556/tools/compiler/bin/../lib/gcc/arm-none-eabi/6.3.1/thumb/v7e-m/fpv4-sp/hard\libgcc.a(_udivmoddi4.o)
 .ARM.attributes
                0x00000a27       0x22 c:/ac6/systemworkbench/plugins/fr.ac6.mcu.externaltools.arm-none.win32_1.15.0.201708311556/tools/compiler/bin/../lib/gcc/arm-none-eabi/6.3.1/thumb/v7e-m/fpv4-sp/hard\libgcc.a(_dvmd_tls.o)
 .ARM.attributes
                0x00000a49       0x34 c:/ac6/systemworkbench/plugins/fr.ac6.mcu.externaltools.arm-none.win32_1.15.0.201708311556/tools/compiler/bin/../lib/gcc/arm-none-eabi/6.3.1/../../../../arm-none-eabi/lib/thumb/v7e-m/fpv4-sp/hard\libc_nano.a(lib_a-impure.o)
 .ARM.attributes
                0x00000a7d       0x34 c:/ac6/systemworkbench/plugins/fr.ac6.mcu.externaltools.arm-none.win32_1.15.0.201708311556/tools/compiler/bin/../lib/gcc/arm-none-eabi/6.3.1/../../../../arm-none-eabi/lib/thumb/v7e-m/fpv4-sp/hard\libc_nano.a(lib_a-init.o)
 .ARM.attributes
                0x00000ab1       0x34 c:/ac6/systemworkbench/plugins/fr.ac6.mcu.externaltools.arm-none.win32_1.15.0.201708311556/tools/compiler/bin/../lib/gcc/arm-none-eabi/6.3.1/../../../../arm-none-eabi/lib/thumb/v7e-m/fpv4-sp/hard\libc_nano.a(lib_a-malloc.o)
 .ARM.attributes
                0x00000ae5       0x34 c:/ac6/systemworkbench/plugins/fr.ac6.mcu.externaltools.arm-none.win32_1.15.0.201708311556/tools/compiler/bin/../lib/gcc/arm-none-eabi/6.3.1/../../../../arm-none-eabi/lib/thumb/v7e-m/fpv4-sp/hard\libc_nano.a(lib_a-memcpy-stub.o)
 .ARM.attributes
                0x00000b19       0x34 c:/ac6/systemworkbench/plugins/fr.ac6.mcu.externaltools.arm-none.win32_1.15.0.201708311556/tools/compiler/bin/../lib/gcc/arm-none-eabi/6.3.1/../../../../arm-none-eabi/lib/thumb/v7e-m/fpv4-sp/hard\libc_nano.a(lib_a-memset.o)
 .ARM.attributes
                0x00000b4d       0x34 c:/ac6/systemworkbench/plugins/fr.ac6.mcu.externaltools.arm-none.win32_1.15.0.201708311556/tools/compiler/bin/../lib/gcc/arm-none-eabi/6.3.1/../../../../arm-none-eabi/lib/thumb/v7e-m/fpv4-sp/hard\libc_nano.a(lib_a-nano-freer.o)
 .ARM.attributes
                0x00000b81       0x34 c:/ac6/systemworkbench/plugins/fr.ac6.mcu.externaltools.arm-none.win32_1.15.0.201708311556/tools/compiler/bin/../lib/gcc/arm-none-eabi/6.3.1/../../../../arm-none-eabi/lib/thumb/v7e-m/fpv4-sp/hard\libc_nano.a(lib_a-nano-mallocr.o)
 .ARM.attributes
                0x00000bb5       0x34 c:/ac6/systemworkbench/plugins/fr.ac6.mcu.externaltools.arm-none.win32_1.15.0.201708311556/tools/compiler/bin/../lib/gcc/arm-none-eabi/6.3.1/../../../../arm-none-eabi/lib/thumb/v7e-m/fpv4-sp/hard\libc_nano.a(lib_a-sbrkr.o)
 .ARM.attributes
                0x00000be9       0x1b c:/ac6/systemworkbench/plugins/fr.ac6.mcu.externaltools.arm-none.win32_1.15.0.201708311556/tools/compiler/bin/../lib/gcc/arm-none-eabi/6.3.1/../../../../arm-none-eabi/lib/thumb/v7e-m/fpv4-sp/hard\libc_nano.a(lib_a-strlen.o)
 .ARM.attributes
                0x00000c04       0x34 c:/ac6/systemworkbench/plugins/fr.ac6.mcu.externaltools.arm-none.win32_1.15.0.201708311556/tools/compiler/bin/../lib/gcc/arm-none-eabi/6.3.1/../../../../arm-none-eabi/lib/thumb/v7e-m/fpv4-sp/hard\libc_nano.a(lib_a-mlock.o)
 .ARM.attributes
                0x00000c38       0x34 c:/ac6/systemworkbench/plugins/fr.ac6.mcu.externaltools.arm-none.win32_1.15.0.201708311556/tools/compiler/bin/../lib/gcc/arm-none-eabi/6.3.1/../../../../arm-none-eabi/lib/thumb/v7e-m/fpv4-sp/hard\libc_nano.a(lib_a-reent.o)
 .ARM.attributes
                0x00000c6c       0x34 c:/ac6/systemworkbench/plugins/fr.ac6.mcu.externaltools.arm-none.win32_1.15.0.201708311556/tools/compiler/bin/../lib/gcc/arm-none-eabi/6.3.1/../../../../arm-none-eabi/lib/thumb/v7e-m/fpv4-sp/hard\libnosys.a(sbrk.o)
 .ARM.attributes
                0x00000ca0       0x22 c:/ac6/systemworkbench/plugins/fr.ac6.mcu.externaltools.arm-none.win32_1.15.0.201708311556/tools/compiler/bin/../lib/gcc/arm-none-eabi/6.3.1/thumb/v7e-m/fpv4-sp/hard/crtn.o
OUTPUT(UPS Basic.elf elf32-littlearm)

.debug_info     0x00000000    0x35a7c
 .debug_info    0x00000000     0x116a Drivers/STM32F4xx_HAL_Driver/Src/stm32f4xx_hal.o
 .debug_info    0x0000116a     0x16c4 Drivers/STM32F4xx_HAL_Driver/Src/stm32f4xx_hal_cortex.o
 .debug_info    0x0000282e      0xc12 Drivers/STM32F4xx_HAL_Driver/Src/stm32f4xx_hal_crc.o
 .debug_info    0x00003440     0x1274 Drivers/STM32F4xx_HAL_Driver/Src/stm32f4xx_hal_dma.o
 .debug_info    0x000046b4      0xfbe Drivers/STM32F4xx_HAL_Driver/Src/stm32f4xx_hal_gpio.o
 .debug_info    0x00005672     0x1ca5 Drivers/STM32F4xx_HAL_Driver/Src/stm32f4xx_hal_pcd.o
 .debug_info    0x00007317      0xdd9 Drivers/STM32F4xx_HAL_Driver/Src/stm32f4xx_hal_pcd_ex.o
 .debug_info    0x000080f0     0x1289 Drivers/STM32F4xx_HAL_Driver/Src/stm32f4xx_hal_rcc.o
 .debug_info    0x00009379     0x367c Drivers/STM32F4xx_HAL_Driver/Src/stm32f4xx_hal_tim.o
 .debug_info    0x0000c9f5     0x1b1e Drivers/STM32F4xx_HAL_Driver/Src/stm32f4xx_hal_tim_ex.o
 .debug_info    0x0000e513     0x1f15 Drivers/STM32F4xx_HAL_Driver/Src/stm32f4xx_hal_uart.o
 .debug_info    0x00010428     0x1f1c Drivers/STM32F4xx_HAL_Driver/Src/stm32f4xx_ll_usb.o
 .debug_info    0x00012344     0x158a Middlewares/ST/STM32_USB_Device_Library/Class/CDC/Src/usbd_cdc.o
 .debug_info    0x000138ce     0x1490 Middlewares/ST/STM32_USB_Device_Library/Core/Src/usbd_core.o
 .debug_info    0x00014d5e     0x1666 Middlewares/ST/STM32_USB_Device_Library/Core/Src/usbd_ctlreq.o
 .debug_info    0x000163c4      0xfd9 Middlewares/ST/STM32_USB_Device_Library/Core/Src/usbd_ioreq.o
 .debug_info    0x0001739d     0x2321 Middlewares/Third_Party/FreeRTOS/Source/CMSIS_RTOS/cmsis_os.o
 .debug_info    0x000196be      0xad4 Middlewares/Third_Party/FreeRTOS/Source/list.o
 .debug_info    0x0001a192     0x1f96 Middlewares/Third_Party/FreeRTOS/Source/queue.o
 .debug_info    0x0001c128     0x2922 Middlewares/Third_Party/FreeRTOS/Source/tasks.o
 .debug_info    0x0001ea4a      0x534 Middlewares/Third_Party/FreeRTOS/Source/portable/GCC/ARM_CM4F/port.o
 .debug_info    0x0001ef7e      0xc78 Middlewares/Third_Party/FreeRTOS/Source/portable/MemMang/heap_4.o
 .debug_info    0x0001fbf6      0xc48 Middlewares/USART_Handler/src/circ_buffers.o
 .debug_info    0x0002083e     0x16d2 Middlewares/USART_Handler/src/usart_handler.o
 .debug_info    0x00021f10     0x1431 Middlewares/USB_CDC_Handler/src/usb_cdc_handler.o
 .debug_info    0x00023341      0xd20 Src/crc.o
 .debug_info    0x00024061      0xd20 Src/dma.o
 .debug_info    0x00024d81      0x33c Src/freertos.o
 .debug_info    0x000250bd      0xd39 Src/gpio.o
 .debug_info    0x00025df6     0x1bea Src/main.o
 .debug_info    0x000279e0      0xbdf Src/stm32f4xx_hal_msp.o
 .debug_info    0x000285bf     0x135f Src/stm32f4xx_hal_timebase_TIM.o
 .debug_info    0x0002991e     0x19e7 Src/stm32f4xx_it.o
 .debug_info    0x0002b305      0xd5a Src/system_stm32f4xx.o
 .debug_info    0x0002c05f     0x1414 Src/usart.o
 .debug_info    0x0002d473      0xe91 Src/usb_device.o
 .debug_info    0x0002e304     0x10df Src/usbd_cdc_if.o
 .debug_info    0x0002f3e3     0x2227 Src/usbd_conf.o
 .debug_info    0x0003160a      0xd69 Src/usbd_desc.o
 .debug_info    0x00032373     0x1154 cmd_parser/src/cmd_parser.o
 .debug_info    0x000334c7     0x1a61 console/src/console.o
 .debug_info    0x00034f28      0xaee console/src/sprintf.o
 .debug_info    0x00035a16       0x66 startup/startup_stm32f401xe.o

.debug_abbrev   0x00000000     0x73f5
 .debug_abbrev  0x00000000      0x2e3 Drivers/STM32F4xx_HAL_Driver/Src/stm32f4xx_hal.o
 .debug_abbrev  0x000002e3      0x3d4 Drivers/STM32F4xx_HAL_Driver/Src/stm32f4xx_hal_cortex.o
 .debug_abbrev  0x000006b7      0x28e Drivers/STM32F4xx_HAL_Driver/Src/stm32f4xx_hal_crc.o
 .debug_abbrev  0x00000945      0x319 Drivers/STM32F4xx_HAL_Driver/Src/stm32f4xx_hal_dma.o
 .debug_abbrev  0x00000c5e      0x2a5 Drivers/STM32F4xx_HAL_Driver/Src/stm32f4xx_hal_gpio.o
 .debug_abbrev  0x00000f03      0x336 Drivers/STM32F4xx_HAL_Driver/Src/stm32f4xx_hal_pcd.o
 .debug_abbrev  0x00001239      0x24c Drivers/STM32F4xx_HAL_Driver/Src/stm32f4xx_hal_pcd_ex.o
 .debug_abbrev  0x00001485      0x331 Drivers/STM32F4xx_HAL_Driver/Src/stm32f4xx_hal_rcc.o
 .debug_abbrev  0x000017b6      0x2dc Drivers/STM32F4xx_HAL_Driver/Src/stm32f4xx_hal_tim.o
 .debug_abbrev  0x00001a92      0x2dc Drivers/STM32F4xx_HAL_Driver/Src/stm32f4xx_hal_tim_ex.o
 .debug_abbrev  0x00001d6e      0x342 Drivers/STM32F4xx_HAL_Driver/Src/stm32f4xx_hal_uart.o
 .debug_abbrev  0x000020b0      0x304 Drivers/STM32F4xx_HAL_Driver/Src/stm32f4xx_ll_usb.o
 .debug_abbrev  0x000023b4      0x312 Middlewares/ST/STM32_USB_Device_Library/Class/CDC/Src/usbd_cdc.o
 .debug_abbrev  0x000026c6      0x2c6 Middlewares/ST/STM32_USB_Device_Library/Core/Src/usbd_core.o
 .debug_abbrev  0x0000298c      0x327 Middlewares/ST/STM32_USB_Device_Library/Core/Src/usbd_ctlreq.o
 .debug_abbrev  0x00002cb3      0x213 Middlewares/ST/STM32_USB_Device_Library/Core/Src/usbd_ioreq.o
 .debug_abbrev  0x00002ec6      0x3d0 Middlewares/Third_Party/FreeRTOS/Source/CMSIS_RTOS/cmsis_os.o
 .debug_abbrev  0x00003296      0x21c Middlewares/Third_Party/FreeRTOS/Source/list.o
 .debug_abbrev  0x000034b2      0x37f Middlewares/Third_Party/FreeRTOS/Source/queue.o
 .debug_abbrev  0x00003831      0x3cd Middlewares/Third_Party/FreeRTOS/Source/tasks.o
 .debug_abbrev  0x00003bfe      0x205 Middlewares/Third_Party/FreeRTOS/Source/portable/GCC/ARM_CM4F/port.o
 .debug_abbrev  0x00003e03      0x318 Middlewares/Third_Party/FreeRTOS/Source/portable/MemMang/heap_4.o
 .debug_abbrev  0x0000411b      0x278 Middlewares/USART_Handler/src/circ_buffers.o
 .debug_abbrev  0x00004393      0x413 Middlewares/USART_Handler/src/usart_handler.o
 .debug_abbrev  0x000047a6      0x2ea Middlewares/USB_CDC_Handler/src/usb_cdc_handler.o
 .debug_abbrev  0x00004a90      0x243 Src/crc.o
 .debug_abbrev  0x00004cd3      0x232 Src/dma.o
 .debug_abbrev  0x00004f05      0x15d Src/freertos.o
 .debug_abbrev  0x00005062      0x229 Src/gpio.o
 .debug_abbrev  0x0000528b      0x297 Src/main.o
 .debug_abbrev  0x00005522      0x209 Src/stm32f4xx_hal_msp.o
 .debug_abbrev  0x0000572b      0x295 Src/stm32f4xx_hal_timebase_TIM.o
 .debug_abbrev  0x000059c0      0x228 Src/stm32f4xx_it.o
 .debug_abbrev  0x00005be8      0x205 Src/system_stm32f4xx.o
 .debug_abbrev  0x00005ded      0x27b Src/usart.o
 .debug_abbrev  0x00006068      0x216 Src/usb_device.o
 .debug_abbrev  0x0000627e      0x2f0 Src/usbd_cdc_if.o
 .debug_abbrev  0x0000656e      0x2eb Src/usbd_conf.o
 .debug_abbrev  0x00006859      0x258 Src/usbd_desc.o
 .debug_abbrev  0x00006ab1      0x2e2 cmd_parser/src/cmd_parser.o
 .debug_abbrev  0x00006d93      0x385 console/src/console.o
 .debug_abbrev  0x00007118      0x2cb console/src/sprintf.o
 .debug_abbrev  0x000073e3       0x12 startup/startup_stm32f401xe.o

.debug_loc      0x00000000    0x118ba
 .debug_loc     0x00000000      0x108 Drivers/STM32F4xx_HAL_Driver/Src/stm32f4xx_hal.o
 .debug_loc     0x00000108      0x5ce Drivers/STM32F4xx_HAL_Driver/Src/stm32f4xx_hal_cortex.o
 .debug_loc     0x000006d6      0x16f Drivers/STM32F4xx_HAL_Driver/Src/stm32f4xx_hal_crc.o
 .debug_loc     0x00000845      0xae1 Drivers/STM32F4xx_HAL_Driver/Src/stm32f4xx_hal_dma.o
 .debug_loc     0x00001326      0x430 Drivers/STM32F4xx_HAL_Driver/Src/stm32f4xx_hal_gpio.o
 .debug_loc     0x00001756      0xc84 Drivers/STM32F4xx_HAL_Driver/Src/stm32f4xx_hal_pcd.o
 .debug_loc     0x000023da       0xb7 Drivers/STM32F4xx_HAL_Driver/Src/stm32f4xx_hal_pcd_ex.o